2025/03/09 13:58:12 - mmengine - INFO - 
------------------------------------------------------------
System environment:
    sys.platform: win32
    Python: 3.8.20 (default, Oct  3 2024, 15:19:54) [MSC v.1929 64 bit (AMD64)]
    CUDA available: True
    MUSA available: False
    numpy_random_seed: 262813921
    GPU 0: NVIDIA RTX A5000
    CUDA_HOME: C:\Program Files\NVIDIA GPU Computing Toolkit\CUDA\v11.3
    NVCC: Cuda compilation tools, release 11.3, V11.3.58
    MSVC: Microsoft (R) C/C++ Optimizing Compiler Version 19.29.30158 for x64
    GCC: n/a
    PyTorch: 1.10.0
    PyTorch compiling details: PyTorch built with:
  - C++ Version: 199711
  - MSVC 192829337
  - Intel(R) Math Kernel Library Version 2020.0.2 Product Build 20200624 for Intel(R) 64 architecture applications
  - Intel(R) MKL-DNN v2.2.3 (Git Hash 7336ca9f055cf1bfa13efb658fe15dc9b41f0740)
  - OpenMP 2019
  - LAPACK is enabled (usually provided by MKL)
  - CPU capability usage: AVX2
  - CUDA Runtime 11.3
  - NVCC architecture flags: -gencode;arch=compute_37,code=sm_37;-gencode;arch=compute_50,code=sm_50;-gencode;arch=compute_60,code=sm_60;-gencode;arch=compute_61,code=sm_61;-gencode;arch=compute_70,code=sm_70;-gencode;arch=compute_75,code=sm_75;-gencode;arch=compute_80,code=sm_80;-gencode;arch=compute_86,code=sm_86;-gencode;arch=compute_37,code=compute_37
  - CuDNN 8.2
  - Magma 2.5.4
  - Build settings: BLAS_INFO=mkl, BUILD_TYPE=Release, CUDA_VERSION=11.3, CUDNN_VERSION=8.2.0, CXX_COMPILER=C:/cb/pytorch_1000000000000/work/tmp_bin/sccache-cl.exe, CXX_FLAGS=/DWIN32 /D_WINDOWS /GR /EHsc /w /bigobj -DUSE_PTHREADPOOL -openmp:experimental -IC:/cb/pytorch_1000000000000/work/mkl/include -DNDEBUG -DUSE_KINETO -DLIBKINETO_NOCUPTI -DUSE_FBGEMM -DUSE_XNNPACK -DSYMBOLICATE_MOBILE_DEBUG_HANDLE -DEDGE_PROFILER_USE_KINETO, LAPACK_INFO=mkl, PERF_WITH_AVX=1, PERF_WITH_AVX2=1, PERF_WITH_AVX512=1, TORCH_VERSION=1.10.0, USE_CUDA=ON, USE_CUDNN=ON, USE_EXCEPTION_PTR=1, USE_GFLAGS=OFF, USE_GLOG=OFF, USE_MKL=ON, USE_MKLDNN=ON, USE_MPI=OFF, USE_NCCL=OFF, USE_NNPACK=OFF, USE_OPENMP=ON, 

    TorchVision: 0.11.0
    OpenCV: 4.11.0
    MMEngine: 0.10.6

Runtime environment:
    cudnn_benchmark: True
    mp_cfg: {'mp_start_method': 'fork', 'opencv_num_threads': 0}
    dist_cfg: {'backend': 'nccl'}
    seed: 262813921
    Distributed launcher: none
    Distributed training: False
    GPU number: 1
------------------------------------------------------------

2025/03/09 13:58:12 - mmengine - INFO - Config:
batch_augments = [
    dict(size=(
        1024,
        1024,
    ), type='BatchFixedSizePad'),
]
checkpoint = 'https://download.openmmlab.com/mmclassification/v0/efficientnet/efficientnet-b3_3rdparty_8xb32-aa_in1k_20220119-5b4887a0.pth'
crop_size = (
    1024,
    1024,
)
custom_imports = dict(
    allow_failed_imports=False, imports=[
        'mmpretrain.models',
    ])
data_preprocessor = dict(
    bgr_to_rgb=True,
    mean=[
        123.675,
        116.28,
        103.53,
    ],
    pad_val=0,
    seg_pad_val=255,
    std=[
        58.395,
        57.12,
        57.375,
    ],
    type='SegDataPreProcessor')
data_root = 'C:\\ghaf'
dataset_type = 'ADE20KDataset'
default_hooks = dict(
    checkpoint=dict(by_epoch=False, interval=3400, type='CheckpointHook'),
    logger=dict(interval=50, log_metric_by_epoch=False, type='LoggerHook'),
    param_scheduler=dict(type='ParamSchedulerHook'),
    sampler_seed=dict(type='DistSamplerSeedHook'),
    timer=dict(type='IterTimerHook'),
    visualization=dict(type='SegVisualizationHook'))
default_scope = 'mmseg'
env_cfg = dict(
    cudnn_benchmark=True,
    dist_cfg=dict(backend='nccl'),
    mp_cfg=dict(mp_start_method='fork', opencv_num_threads=0))
image_size = (
    1024,
    1024,
)
img_ratios = [
    0.5,
    0.75,
    1.0,
    1.25,
    1.5,
    1.75,
]
launcher = 'none'
load_from = None
log_level = 'INFO'
log_processor = dict(by_epoch=False)
model = dict(
    backbone=dict(
        arch='b3',
        drop_path_rate=0.2,
        frozen_stages=0,
        init_cfg=dict(
            checkpoint=
            'https://download.openmmlab.com/mmclassification/v0/efficientnet/efficientnet-b3_3rdparty_8xb32-aa_in1k_20220119-5b4887a0.pth',
            prefix='backbone',
            type='Pretrained'),
        norm_cfg=dict(
            eps=0.001, momentum=0.01, requires_grad=True, type='SyncBN'),
        norm_eval=False,
        out_indices=(
            3,
            4,
            5,
        ),
        type='mmpretrain.EfficientNet'),
    data_preprocessor=dict(
        bgr_to_rgb=True,
        mean=[
            123.675,
            116.28,
            103.53,
        ],
        pad_val=0,
        seg_pad_val=255,
        std=[
            58.395,
            57.12,
            57.375,
        ],
        type='SegDataPreProcessor'),
    decode_head=dict(
        align_corners=False,
        channels=128,
        dropout_ratio=0.1,
        feature_strides=[
            4,
            8,
            16,
        ],
        in_channels=[
            256,
            256,
            256,
        ],
        in_index=[
            0,
            1,
            2,
        ],
        loss_decode=dict(
            loss_weight=1.0, type='CrossEntropyLoss', use_sigmoid=False),
        norm_cfg=dict(requires_grad=True, type='BN'),
        num_classes=2,
        type='FPNHead'),
    neck=dict(
        in_channels=[
            48,
            136,
            384,
        ], num_outs=4, out_channels=256, type='FPN'),
    test_cfg=dict(mode='whole'),
    train_cfg=dict(),
    type='EncoderDecoder')
norm_cfg = dict(requires_grad=True, type='BN')
optim_wrapper = dict(
    clip_grad=None,
    optimizer=dict(lr=0.01, momentum=0.9, type='SGD', weight_decay=0.0005),
    type='OptimWrapper')
optimizer = dict(lr=0.01, momentum=0.9, type='SGD', weight_decay=0.0005)
param_scheduler = [
    dict(
        begin=0,
        by_epoch=False,
        end=40000,
        eta_min=0.0001,
        power=0.9,
        type='PolyLR'),
]
resume = False
test_cfg = dict(type='TestLoop')
test_dataloader = dict(
    batch_size=1,
    dataset=dict(
        data_prefix=dict(
            img_path='validation/images', seg_map_path='validation/masks'),
        data_root='C:\\ghaf',
        pipeline=[
            dict(type='LoadImageFromFile'),
            dict(reduce_zero_label=False, type='LoadAnnotations'),
            dict(type='PackSegInputs'),
        ],
        type='ADE20KDataset'),
    num_workers=2,
    persistent_workers=True,
    sampler=dict(shuffle=False, type='DefaultSampler'))
test_evaluator = dict(
    iou_metrics=[
        'mIoU',
        'mFscore',
    ], type='IoUMetric')
test_pipeline = [
    dict(type='LoadImageFromFile'),
    dict(reduce_zero_label=False, type='LoadAnnotations'),
    dict(type='PackSegInputs'),
]
train_cfg = dict(
    max_iters=160000, type='IterBasedTrainLoop', val_interval=3500)
train_dataloader = dict(
    batch_size=2,
    dataset=dict(
        data_prefix=dict(
            img_path='training/images', seg_map_path='training/masks'),
        data_root='C:\\ghaf',
        pipeline=[
            dict(type='LoadImageFromFile'),
            dict(reduce_zero_label=False, type='LoadAnnotations'),
            dict(prob=0.5, type='RandomFlip'),
            dict(type='PackSegInputs'),
        ],
        type='ADE20KDataset'),
    num_workers=2,
    persistent_workers=True,
    sampler=dict(shuffle=True, type='InfiniteSampler'))
train_pipeline = [
    dict(type='LoadImageFromFile'),
    dict(reduce_zero_label=False, type='LoadAnnotations'),
    dict(prob=0.5, type='RandomFlip'),
    dict(type='PackSegInputs'),
]
tta_model = dict(type='SegTTAModel')
val_cfg = dict(type='ValLoop')
val_dataloader = dict(
    batch_size=1,
    dataset=dict(
        data_prefix=dict(
            img_path='validation/images', seg_map_path='validation/masks'),
        data_root='C:\\ghaf',
        pipeline=[
            dict(type='LoadImageFromFile'),
            dict(reduce_zero_label=False, type='LoadAnnotations'),
            dict(type='PackSegInputs'),
        ],
        type='ADE20KDataset'),
    num_workers=2,
    persistent_workers=True,
    sampler=dict(shuffle=False, type='DefaultSampler'))
val_evaluator = dict(
    iou_metrics=[
        'mIoU',
        'mFscore',
    ], type='IoUMetric')
vis_backends = [
    dict(type='LocalVisBackend'),
]
visualizer = dict(
    name='visualizer',
    type='SegLocalVisualizer',
    vis_backends=[
        dict(type='LocalVisBackend'),
    ])
work_dir = './work_dirs\\efficientefficient'

2025/03/09 13:58:14 - mmengine - INFO - Distributed training is not used, all SyncBatchNorm (SyncBN) layers in the model will be automatically reverted to BatchNormXd layers if they are used.
2025/03/09 13:58:14 - mmengine - INFO - Hooks will be executed in the following order:
before_run:
(VERY_HIGH   ) RuntimeInfoHook                    
(BELOW_NORMAL) LoggerHook                         
 -------------------- 
before_train:
(VERY_HIGH   ) RuntimeInfoHook                    
(NORMAL      ) IterTimerHook                      
(VERY_LOW    ) CheckpointHook                     
 -------------------- 
before_train_epoch:
(VERY_HIGH   ) RuntimeInfoHook                    
(NORMAL      ) IterTimerHook                      
(NORMAL      ) DistSamplerSeedHook                
 -------------------- 
before_train_iter:
(VERY_HIGH   ) RuntimeInfoHook                    
(NORMAL      ) IterTimerHook                      
 -------------------- 
after_train_iter:
(VERY_HIGH   ) RuntimeInfoHook                    
(NORMAL      ) IterTimerHook                      
(BELOW_NORMAL) LoggerHook                         
(LOW         ) ParamSchedulerHook                 
(VERY_LOW    ) CheckpointHook                     
 -------------------- 
after_train_epoch:
(NORMAL      ) IterTimerHook                      
(LOW         ) ParamSchedulerHook                 
(VERY_LOW    ) CheckpointHook                     
 -------------------- 
before_val:
(VERY_HIGH   ) RuntimeInfoHook                    
 -------------------- 
before_val_epoch:
(NORMAL      ) IterTimerHook                      
 -------------------- 
before_val_iter:
(NORMAL      ) IterTimerHook                      
 -------------------- 
after_val_iter:
(NORMAL      ) IterTimerHook                      
(NORMAL      ) SegVisualizationHook               
(BELOW_NORMAL) LoggerHook                         
 -------------------- 
after_val_epoch:
(VERY_HIGH   ) RuntimeInfoHook                    
(NORMAL      ) IterTimerHook                      
(BELOW_NORMAL) LoggerHook                         
(LOW         ) ParamSchedulerHook                 
(VERY_LOW    ) CheckpointHook                     
 -------------------- 
after_val:
(VERY_HIGH   ) RuntimeInfoHook                    
 -------------------- 
after_train:
(VERY_HIGH   ) RuntimeInfoHook                    
(VERY_LOW    ) CheckpointHook                     
 -------------------- 
before_test:
(VERY_HIGH   ) RuntimeInfoHook                    
 -------------------- 
before_test_epoch:
(NORMAL      ) IterTimerHook                      
 -------------------- 
before_test_iter:
(NORMAL      ) IterTimerHook                      
 -------------------- 
after_test_iter:
(NORMAL      ) IterTimerHook                      
(NORMAL      ) SegVisualizationHook               
(BELOW_NORMAL) LoggerHook                         
 -------------------- 
after_test_epoch:
(VERY_HIGH   ) RuntimeInfoHook                    
(NORMAL      ) IterTimerHook                      
(BELOW_NORMAL) LoggerHook                         
 -------------------- 
after_test:
(VERY_HIGH   ) RuntimeInfoHook                    
 -------------------- 
after_run:
(BELOW_NORMAL) LoggerHook                         
 -------------------- 
2025/03/09 13:58:30 - mmengine - WARNING - The prefix is not set in metric class IoUMetric.
2025/03/09 13:58:33 - mmengine - INFO - load backbone in model from: https://download.openmmlab.com/mmclassification/v0/efficientnet/efficientnet-b3_3rdparty_8xb32-aa_in1k_20220119-5b4887a0.pth
Name of parameter - Initialization information

backbone.layers.0.conv.weight - torch.Size([40, 3, 3, 3]): 
PretrainedInit: load from https://download.openmmlab.com/mmclassification/v0/efficientnet/efficientnet-b3_3rdparty_8xb32-aa_in1k_20220119-5b4887a0.pth 

backbone.layers.0.bn.weight - torch.Size([40]): 
PretrainedInit: load from https://download.openmmlab.com/mmclassification/v0/efficientnet/efficientnet-b3_3rdparty_8xb32-aa_in1k_20220119-5b4887a0.pth 

backbone.layers.0.bn.bias - torch.Size([40]): 
PretrainedInit: load from https://download.openmmlab.com/mmclassification/v0/efficientnet/efficientnet-b3_3rdparty_8xb32-aa_in1k_20220119-5b4887a0.pth 

backbone.layers.1.0.depthwise_conv.conv.weight - torch.Size([40, 1, 3, 3]): 
PretrainedInit: load from https://download.openmmlab.com/mmclassification/v0/efficientnet/efficientnet-b3_3rdparty_8xb32-aa_in1k_20220119-5b4887a0.pth 

backbone.layers.1.0.depthwise_conv.bn.weight - torch.Size([40]): 
PretrainedInit: load from https://download.openmmlab.com/mmclassification/v0/efficientnet/efficientnet-b3_3rdparty_8xb32-aa_in1k_20220119-5b4887a0.pth 

backbone.layers.1.0.depthwise_conv.bn.bias - torch.Size([40]): 
PretrainedInit: load from https://download.openmmlab.com/mmclassification/v0/efficientnet/efficientnet-b3_3rdparty_8xb32-aa_in1k_20220119-5b4887a0.pth 

backbone.layers.1.0.se.conv1.conv.weight - torch.Size([10, 40, 1, 1]): 
PretrainedInit: load from https://download.openmmlab.com/mmclassification/v0/efficientnet/efficientnet-b3_3rdparty_8xb32-aa_in1k_20220119-5b4887a0.pth 

backbone.layers.1.0.se.conv1.conv.bias - torch.Size([10]): 
PretrainedInit: load from https://download.openmmlab.com/mmclassification/v0/efficientnet/efficientnet-b3_3rdparty_8xb32-aa_in1k_20220119-5b4887a0.pth 

backbone.layers.1.0.se.conv2.conv.weight - torch.Size([40, 10, 1, 1]): 
PretrainedInit: load from https://download.openmmlab.com/mmclassification/v0/efficientnet/efficientnet-b3_3rdparty_8xb32-aa_in1k_20220119-5b4887a0.pth 

backbone.layers.1.0.se.conv2.conv.bias - torch.Size([40]): 
PretrainedInit: load from https://download.openmmlab.com/mmclassification/v0/efficientnet/efficientnet-b3_3rdparty_8xb32-aa_in1k_20220119-5b4887a0.pth 

backbone.layers.1.0.linear_conv.conv.weight - torch.Size([24, 40, 1, 1]): 
PretrainedInit: load from https://download.openmmlab.com/mmclassification/v0/efficientnet/efficientnet-b3_3rdparty_8xb32-aa_in1k_20220119-5b4887a0.pth 

backbone.layers.1.0.linear_conv.bn.weight - torch.Size([24]): 
PretrainedInit: load from https://download.openmmlab.com/mmclassification/v0/efficientnet/efficientnet-b3_3rdparty_8xb32-aa_in1k_20220119-5b4887a0.pth 

backbone.layers.1.0.linear_conv.bn.bias - torch.Size([24]): 
PretrainedInit: load from https://download.openmmlab.com/mmclassification/v0/efficientnet/efficientnet-b3_3rdparty_8xb32-aa_in1k_20220119-5b4887a0.pth 

backbone.layers.1.1.depthwise_conv.conv.weight - torch.Size([24, 1, 3, 3]): 
PretrainedInit: load from https://download.openmmlab.com/mmclassification/v0/efficientnet/efficientnet-b3_3rdparty_8xb32-aa_in1k_20220119-5b4887a0.pth 

backbone.layers.1.1.depthwise_conv.bn.weight - torch.Size([24]): 
PretrainedInit: load from https://download.openmmlab.com/mmclassification/v0/efficientnet/efficientnet-b3_3rdparty_8xb32-aa_in1k_20220119-5b4887a0.pth 

backbone.layers.1.1.depthwise_conv.bn.bias - torch.Size([24]): 
PretrainedInit: load from https://download.openmmlab.com/mmclassification/v0/efficientnet/efficientnet-b3_3rdparty_8xb32-aa_in1k_20220119-5b4887a0.pth 

backbone.layers.1.1.se.conv1.conv.weight - torch.Size([6, 24, 1, 1]): 
PretrainedInit: load from https://download.openmmlab.com/mmclassification/v0/efficientnet/efficientnet-b3_3rdparty_8xb32-aa_in1k_20220119-5b4887a0.pth 

backbone.layers.1.1.se.conv1.conv.bias - torch.Size([6]): 
PretrainedInit: load from https://download.openmmlab.com/mmclassification/v0/efficientnet/efficientnet-b3_3rdparty_8xb32-aa_in1k_20220119-5b4887a0.pth 

backbone.layers.1.1.se.conv2.conv.weight - torch.Size([24, 6, 1, 1]): 
PretrainedInit: load from https://download.openmmlab.com/mmclassification/v0/efficientnet/efficientnet-b3_3rdparty_8xb32-aa_in1k_20220119-5b4887a0.pth 

backbone.layers.1.1.se.conv2.conv.bias - torch.Size([24]): 
PretrainedInit: load from https://download.openmmlab.com/mmclassification/v0/efficientnet/efficientnet-b3_3rdparty_8xb32-aa_in1k_20220119-5b4887a0.pth 

backbone.layers.1.1.linear_conv.conv.weight - torch.Size([24, 24, 1, 1]): 
PretrainedInit: load from https://download.openmmlab.com/mmclassification/v0/efficientnet/efficientnet-b3_3rdparty_8xb32-aa_in1k_20220119-5b4887a0.pth 

backbone.layers.1.1.linear_conv.bn.weight - torch.Size([24]): 
PretrainedInit: load from https://download.openmmlab.com/mmclassification/v0/efficientnet/efficientnet-b3_3rdparty_8xb32-aa_in1k_20220119-5b4887a0.pth 

backbone.layers.1.1.linear_conv.bn.bias - torch.Size([24]): 
PretrainedInit: load from https://download.openmmlab.com/mmclassification/v0/efficientnet/efficientnet-b3_3rdparty_8xb32-aa_in1k_20220119-5b4887a0.pth 

backbone.layers.2.0.expand_conv.conv.weight - torch.Size([144, 24, 1, 1]): 
PretrainedInit: load from https://download.openmmlab.com/mmclassification/v0/efficientnet/efficientnet-b3_3rdparty_8xb32-aa_in1k_20220119-5b4887a0.pth 

backbone.layers.2.0.expand_conv.bn.weight - torch.Size([144]): 
PretrainedInit: load from https://download.openmmlab.com/mmclassification/v0/efficientnet/efficientnet-b3_3rdparty_8xb32-aa_in1k_20220119-5b4887a0.pth 

backbone.layers.2.0.expand_conv.bn.bias - torch.Size([144]): 
PretrainedInit: load from https://download.openmmlab.com/mmclassification/v0/efficientnet/efficientnet-b3_3rdparty_8xb32-aa_in1k_20220119-5b4887a0.pth 

backbone.layers.2.0.depthwise_conv.conv.weight - torch.Size([144, 1, 3, 3]): 
PretrainedInit: load from https://download.openmmlab.com/mmclassification/v0/efficientnet/efficientnet-b3_3rdparty_8xb32-aa_in1k_20220119-5b4887a0.pth 

backbone.layers.2.0.depthwise_conv.bn.weight - torch.Size([144]): 
PretrainedInit: load from https://download.openmmlab.com/mmclassification/v0/efficientnet/efficientnet-b3_3rdparty_8xb32-aa_in1k_20220119-5b4887a0.pth 

backbone.layers.2.0.depthwise_conv.bn.bias - torch.Size([144]): 
PretrainedInit: load from https://download.openmmlab.com/mmclassification/v0/efficientnet/efficientnet-b3_3rdparty_8xb32-aa_in1k_20220119-5b4887a0.pth 

backbone.layers.2.0.se.conv1.conv.weight - torch.Size([6, 144, 1, 1]): 
PretrainedInit: load from https://download.openmmlab.com/mmclassification/v0/efficientnet/efficientnet-b3_3rdparty_8xb32-aa_in1k_20220119-5b4887a0.pth 

backbone.layers.2.0.se.conv1.conv.bias - torch.Size([6]): 
PretrainedInit: load from https://download.openmmlab.com/mmclassification/v0/efficientnet/efficientnet-b3_3rdparty_8xb32-aa_in1k_20220119-5b4887a0.pth 

backbone.layers.2.0.se.conv2.conv.weight - torch.Size([144, 6, 1, 1]): 
PretrainedInit: load from https://download.openmmlab.com/mmclassification/v0/efficientnet/efficientnet-b3_3rdparty_8xb32-aa_in1k_20220119-5b4887a0.pth 

backbone.layers.2.0.se.conv2.conv.bias - torch.Size([144]): 
PretrainedInit: load from https://download.openmmlab.com/mmclassification/v0/efficientnet/efficientnet-b3_3rdparty_8xb32-aa_in1k_20220119-5b4887a0.pth 

backbone.layers.2.0.linear_conv.conv.weight - torch.Size([32, 144, 1, 1]): 
PretrainedInit: load from https://download.openmmlab.com/mmclassification/v0/efficientnet/efficientnet-b3_3rdparty_8xb32-aa_in1k_20220119-5b4887a0.pth 

backbone.layers.2.0.linear_conv.bn.weight - torch.Size([32]): 
PretrainedInit: load from https://download.openmmlab.com/mmclassification/v0/efficientnet/efficientnet-b3_3rdparty_8xb32-aa_in1k_20220119-5b4887a0.pth 

backbone.layers.2.0.linear_conv.bn.bias - torch.Size([32]): 
PretrainedInit: load from https://download.openmmlab.com/mmclassification/v0/efficientnet/efficientnet-b3_3rdparty_8xb32-aa_in1k_20220119-5b4887a0.pth 

backbone.layers.2.1.expand_conv.conv.weight - torch.Size([192, 32, 1, 1]): 
PretrainedInit: load from https://download.openmmlab.com/mmclassification/v0/efficientnet/efficientnet-b3_3rdparty_8xb32-aa_in1k_20220119-5b4887a0.pth 

backbone.layers.2.1.expand_conv.bn.weight - torch.Size([192]): 
PretrainedInit: load from https://download.openmmlab.com/mmclassification/v0/efficientnet/efficientnet-b3_3rdparty_8xb32-aa_in1k_20220119-5b4887a0.pth 

backbone.layers.2.1.expand_conv.bn.bias - torch.Size([192]): 
PretrainedInit: load from https://download.openmmlab.com/mmclassification/v0/efficientnet/efficientnet-b3_3rdparty_8xb32-aa_in1k_20220119-5b4887a0.pth 

backbone.layers.2.1.depthwise_conv.conv.weight - torch.Size([192, 1, 3, 3]): 
PretrainedInit: load from https://download.openmmlab.com/mmclassification/v0/efficientnet/efficientnet-b3_3rdparty_8xb32-aa_in1k_20220119-5b4887a0.pth 

backbone.layers.2.1.depthwise_conv.bn.weight - torch.Size([192]): 
PretrainedInit: load from https://download.openmmlab.com/mmclassification/v0/efficientnet/efficientnet-b3_3rdparty_8xb32-aa_in1k_20220119-5b4887a0.pth 

backbone.layers.2.1.depthwise_conv.bn.bias - torch.Size([192]): 
PretrainedInit: load from https://download.openmmlab.com/mmclassification/v0/efficientnet/efficientnet-b3_3rdparty_8xb32-aa_in1k_20220119-5b4887a0.pth 

backbone.layers.2.1.se.conv1.conv.weight - torch.Size([8, 192, 1, 1]): 
PretrainedInit: load from https://download.openmmlab.com/mmclassification/v0/efficientnet/efficientnet-b3_3rdparty_8xb32-aa_in1k_20220119-5b4887a0.pth 

backbone.layers.2.1.se.conv1.conv.bias - torch.Size([8]): 
PretrainedInit: load from https://download.openmmlab.com/mmclassification/v0/efficientnet/efficientnet-b3_3rdparty_8xb32-aa_in1k_20220119-5b4887a0.pth 

backbone.layers.2.1.se.conv2.conv.weight - torch.Size([192, 8, 1, 1]): 
PretrainedInit: load from https://download.openmmlab.com/mmclassification/v0/efficientnet/efficientnet-b3_3rdparty_8xb32-aa_in1k_20220119-5b4887a0.pth 

backbone.layers.2.1.se.conv2.conv.bias - torch.Size([192]): 
PretrainedInit: load from https://download.openmmlab.com/mmclassification/v0/efficientnet/efficientnet-b3_3rdparty_8xb32-aa_in1k_20220119-5b4887a0.pth 

backbone.layers.2.1.linear_conv.conv.weight - torch.Size([32, 192, 1, 1]): 
PretrainedInit: load from https://download.openmmlab.com/mmclassification/v0/efficientnet/efficientnet-b3_3rdparty_8xb32-aa_in1k_20220119-5b4887a0.pth 

backbone.layers.2.1.linear_conv.bn.weight - torch.Size([32]): 
PretrainedInit: load from https://download.openmmlab.com/mmclassification/v0/efficientnet/efficientnet-b3_3rdparty_8xb32-aa_in1k_20220119-5b4887a0.pth 

backbone.layers.2.1.linear_conv.bn.bias - torch.Size([32]): 
PretrainedInit: load from https://download.openmmlab.com/mmclassification/v0/efficientnet/efficientnet-b3_3rdparty_8xb32-aa_in1k_20220119-5b4887a0.pth 

backbone.layers.2.2.expand_conv.conv.weight - torch.Size([192, 32, 1, 1]): 
PretrainedInit: load from https://download.openmmlab.com/mmclassification/v0/efficientnet/efficientnet-b3_3rdparty_8xb32-aa_in1k_20220119-5b4887a0.pth 

backbone.layers.2.2.expand_conv.bn.weight - torch.Size([192]): 
PretrainedInit: load from https://download.openmmlab.com/mmclassification/v0/efficientnet/efficientnet-b3_3rdparty_8xb32-aa_in1k_20220119-5b4887a0.pth 

backbone.layers.2.2.expand_conv.bn.bias - torch.Size([192]): 
PretrainedInit: load from https://download.openmmlab.com/mmclassification/v0/efficientnet/efficientnet-b3_3rdparty_8xb32-aa_in1k_20220119-5b4887a0.pth 

backbone.layers.2.2.depthwise_conv.conv.weight - torch.Size([192, 1, 3, 3]): 
PretrainedInit: load from https://download.openmmlab.com/mmclassification/v0/efficientnet/efficientnet-b3_3rdparty_8xb32-aa_in1k_20220119-5b4887a0.pth 

backbone.layers.2.2.depthwise_conv.bn.weight - torch.Size([192]): 
PretrainedInit: load from https://download.openmmlab.com/mmclassification/v0/efficientnet/efficientnet-b3_3rdparty_8xb32-aa_in1k_20220119-5b4887a0.pth 

backbone.layers.2.2.depthwise_conv.bn.bias - torch.Size([192]): 
PretrainedInit: load from https://download.openmmlab.com/mmclassification/v0/efficientnet/efficientnet-b3_3rdparty_8xb32-aa_in1k_20220119-5b4887a0.pth 

backbone.layers.2.2.se.conv1.conv.weight - torch.Size([8, 192, 1, 1]): 
PretrainedInit: load from https://download.openmmlab.com/mmclassification/v0/efficientnet/efficientnet-b3_3rdparty_8xb32-aa_in1k_20220119-5b4887a0.pth 

backbone.layers.2.2.se.conv1.conv.bias - torch.Size([8]): 
PretrainedInit: load from https://download.openmmlab.com/mmclassification/v0/efficientnet/efficientnet-b3_3rdparty_8xb32-aa_in1k_20220119-5b4887a0.pth 

backbone.layers.2.2.se.conv2.conv.weight - torch.Size([192, 8, 1, 1]): 
PretrainedInit: load from https://download.openmmlab.com/mmclassification/v0/efficientnet/efficientnet-b3_3rdparty_8xb32-aa_in1k_20220119-5b4887a0.pth 

backbone.layers.2.2.se.conv2.conv.bias - torch.Size([192]): 
PretrainedInit: load from https://download.openmmlab.com/mmclassification/v0/efficientnet/efficientnet-b3_3rdparty_8xb32-aa_in1k_20220119-5b4887a0.pth 

backbone.layers.2.2.linear_conv.conv.weight - torch.Size([32, 192, 1, 1]): 
PretrainedInit: load from https://download.openmmlab.com/mmclassification/v0/efficientnet/efficientnet-b3_3rdparty_8xb32-aa_in1k_20220119-5b4887a0.pth 

backbone.layers.2.2.linear_conv.bn.weight - torch.Size([32]): 
PretrainedInit: load from https://download.openmmlab.com/mmclassification/v0/efficientnet/efficientnet-b3_3rdparty_8xb32-aa_in1k_20220119-5b4887a0.pth 

backbone.layers.2.2.linear_conv.bn.bias - torch.Size([32]): 
PretrainedInit: load from https://download.openmmlab.com/mmclassification/v0/efficientnet/efficientnet-b3_3rdparty_8xb32-aa_in1k_20220119-5b4887a0.pth 

backbone.layers.3.0.expand_conv.conv.weight - torch.Size([192, 32, 1, 1]): 
PretrainedInit: load from https://download.openmmlab.com/mmclassification/v0/efficientnet/efficientnet-b3_3rdparty_8xb32-aa_in1k_20220119-5b4887a0.pth 

backbone.layers.3.0.expand_conv.bn.weight - torch.Size([192]): 
PretrainedInit: load from https://download.openmmlab.com/mmclassification/v0/efficientnet/efficientnet-b3_3rdparty_8xb32-aa_in1k_20220119-5b4887a0.pth 

backbone.layers.3.0.expand_conv.bn.bias - torch.Size([192]): 
PretrainedInit: load from https://download.openmmlab.com/mmclassification/v0/efficientnet/efficientnet-b3_3rdparty_8xb32-aa_in1k_20220119-5b4887a0.pth 

backbone.layers.3.0.depthwise_conv.conv.weight - torch.Size([192, 1, 5, 5]): 
PretrainedInit: load from https://download.openmmlab.com/mmclassification/v0/efficientnet/efficientnet-b3_3rdparty_8xb32-aa_in1k_20220119-5b4887a0.pth 

backbone.layers.3.0.depthwise_conv.bn.weight - torch.Size([192]): 
PretrainedInit: load from https://download.openmmlab.com/mmclassification/v0/efficientnet/efficientnet-b3_3rdparty_8xb32-aa_in1k_20220119-5b4887a0.pth 

backbone.layers.3.0.depthwise_conv.bn.bias - torch.Size([192]): 
PretrainedInit: load from https://download.openmmlab.com/mmclassification/v0/efficientnet/efficientnet-b3_3rdparty_8xb32-aa_in1k_20220119-5b4887a0.pth 

backbone.layers.3.0.se.conv1.conv.weight - torch.Size([8, 192, 1, 1]): 
PretrainedInit: load from https://download.openmmlab.com/mmclassification/v0/efficientnet/efficientnet-b3_3rdparty_8xb32-aa_in1k_20220119-5b4887a0.pth 

backbone.layers.3.0.se.conv1.conv.bias - torch.Size([8]): 
PretrainedInit: load from https://download.openmmlab.com/mmclassification/v0/efficientnet/efficientnet-b3_3rdparty_8xb32-aa_in1k_20220119-5b4887a0.pth 

backbone.layers.3.0.se.conv2.conv.weight - torch.Size([192, 8, 1, 1]): 
PretrainedInit: load from https://download.openmmlab.com/mmclassification/v0/efficientnet/efficientnet-b3_3rdparty_8xb32-aa_in1k_20220119-5b4887a0.pth 

backbone.layers.3.0.se.conv2.conv.bias - torch.Size([192]): 
PretrainedInit: load from https://download.openmmlab.com/mmclassification/v0/efficientnet/efficientnet-b3_3rdparty_8xb32-aa_in1k_20220119-5b4887a0.pth 

backbone.layers.3.0.linear_conv.conv.weight - torch.Size([48, 192, 1, 1]): 
PretrainedInit: load from https://download.openmmlab.com/mmclassification/v0/efficientnet/efficientnet-b3_3rdparty_8xb32-aa_in1k_20220119-5b4887a0.pth 

backbone.layers.3.0.linear_conv.bn.weight - torch.Size([48]): 
PretrainedInit: load from https://download.openmmlab.com/mmclassification/v0/efficientnet/efficientnet-b3_3rdparty_8xb32-aa_in1k_20220119-5b4887a0.pth 

backbone.layers.3.0.linear_conv.bn.bias - torch.Size([48]): 
PretrainedInit: load from https://download.openmmlab.com/mmclassification/v0/efficientnet/efficientnet-b3_3rdparty_8xb32-aa_in1k_20220119-5b4887a0.pth 

backbone.layers.3.1.expand_conv.conv.weight - torch.Size([288, 48, 1, 1]): 
PretrainedInit: load from https://download.openmmlab.com/mmclassification/v0/efficientnet/efficientnet-b3_3rdparty_8xb32-aa_in1k_20220119-5b4887a0.pth 

backbone.layers.3.1.expand_conv.bn.weight - torch.Size([288]): 
PretrainedInit: load from https://download.openmmlab.com/mmclassification/v0/efficientnet/efficientnet-b3_3rdparty_8xb32-aa_in1k_20220119-5b4887a0.pth 

backbone.layers.3.1.expand_conv.bn.bias - torch.Size([288]): 
PretrainedInit: load from https://download.openmmlab.com/mmclassification/v0/efficientnet/efficientnet-b3_3rdparty_8xb32-aa_in1k_20220119-5b4887a0.pth 

backbone.layers.3.1.depthwise_conv.conv.weight - torch.Size([288, 1, 5, 5]): 
PretrainedInit: load from https://download.openmmlab.com/mmclassification/v0/efficientnet/efficientnet-b3_3rdparty_8xb32-aa_in1k_20220119-5b4887a0.pth 

backbone.layers.3.1.depthwise_conv.bn.weight - torch.Size([288]): 
PretrainedInit: load from https://download.openmmlab.com/mmclassification/v0/efficientnet/efficientnet-b3_3rdparty_8xb32-aa_in1k_20220119-5b4887a0.pth 

backbone.layers.3.1.depthwise_conv.bn.bias - torch.Size([288]): 
PretrainedInit: load from https://download.openmmlab.com/mmclassification/v0/efficientnet/efficientnet-b3_3rdparty_8xb32-aa_in1k_20220119-5b4887a0.pth 

backbone.layers.3.1.se.conv1.conv.weight - torch.Size([12, 288, 1, 1]): 
PretrainedInit: load from https://download.openmmlab.com/mmclassification/v0/efficientnet/efficientnet-b3_3rdparty_8xb32-aa_in1k_20220119-5b4887a0.pth 

backbone.layers.3.1.se.conv1.conv.bias - torch.Size([12]): 
PretrainedInit: load from https://download.openmmlab.com/mmclassification/v0/efficientnet/efficientnet-b3_3rdparty_8xb32-aa_in1k_20220119-5b4887a0.pth 

backbone.layers.3.1.se.conv2.conv.weight - torch.Size([288, 12, 1, 1]): 
PretrainedInit: load from https://download.openmmlab.com/mmclassification/v0/efficientnet/efficientnet-b3_3rdparty_8xb32-aa_in1k_20220119-5b4887a0.pth 

backbone.layers.3.1.se.conv2.conv.bias - torch.Size([288]): 
PretrainedInit: load from https://download.openmmlab.com/mmclassification/v0/efficientnet/efficientnet-b3_3rdparty_8xb32-aa_in1k_20220119-5b4887a0.pth 

backbone.layers.3.1.linear_conv.conv.weight - torch.Size([48, 288, 1, 1]): 
PretrainedInit: load from https://download.openmmlab.com/mmclassification/v0/efficientnet/efficientnet-b3_3rdparty_8xb32-aa_in1k_20220119-5b4887a0.pth 

backbone.layers.3.1.linear_conv.bn.weight - torch.Size([48]): 
PretrainedInit: load from https://download.openmmlab.com/mmclassification/v0/efficientnet/efficientnet-b3_3rdparty_8xb32-aa_in1k_20220119-5b4887a0.pth 

backbone.layers.3.1.linear_conv.bn.bias - torch.Size([48]): 
PretrainedInit: load from https://download.openmmlab.com/mmclassification/v0/efficientnet/efficientnet-b3_3rdparty_8xb32-aa_in1k_20220119-5b4887a0.pth 

backbone.layers.3.2.expand_conv.conv.weight - torch.Size([288, 48, 1, 1]): 
PretrainedInit: load from https://download.openmmlab.com/mmclassification/v0/efficientnet/efficientnet-b3_3rdparty_8xb32-aa_in1k_20220119-5b4887a0.pth 

backbone.layers.3.2.expand_conv.bn.weight - torch.Size([288]): 
PretrainedInit: load from https://download.openmmlab.com/mmclassification/v0/efficientnet/efficientnet-b3_3rdparty_8xb32-aa_in1k_20220119-5b4887a0.pth 

backbone.layers.3.2.expand_conv.bn.bias - torch.Size([288]): 
PretrainedInit: load from https://download.openmmlab.com/mmclassification/v0/efficientnet/efficientnet-b3_3rdparty_8xb32-aa_in1k_20220119-5b4887a0.pth 

backbone.layers.3.2.depthwise_conv.conv.weight - torch.Size([288, 1, 5, 5]): 
PretrainedInit: load from https://download.openmmlab.com/mmclassification/v0/efficientnet/efficientnet-b3_3rdparty_8xb32-aa_in1k_20220119-5b4887a0.pth 

backbone.layers.3.2.depthwise_conv.bn.weight - torch.Size([288]): 
PretrainedInit: load from https://download.openmmlab.com/mmclassification/v0/efficientnet/efficientnet-b3_3rdparty_8xb32-aa_in1k_20220119-5b4887a0.pth 

backbone.layers.3.2.depthwise_conv.bn.bias - torch.Size([288]): 
PretrainedInit: load from https://download.openmmlab.com/mmclassification/v0/efficientnet/efficientnet-b3_3rdparty_8xb32-aa_in1k_20220119-5b4887a0.pth 

backbone.layers.3.2.se.conv1.conv.weight - torch.Size([12, 288, 1, 1]): 
PretrainedInit: load from https://download.openmmlab.com/mmclassification/v0/efficientnet/efficientnet-b3_3rdparty_8xb32-aa_in1k_20220119-5b4887a0.pth 

backbone.layers.3.2.se.conv1.conv.bias - torch.Size([12]): 
PretrainedInit: load from https://download.openmmlab.com/mmclassification/v0/efficientnet/efficientnet-b3_3rdparty_8xb32-aa_in1k_20220119-5b4887a0.pth 

backbone.layers.3.2.se.conv2.conv.weight - torch.Size([288, 12, 1, 1]): 
PretrainedInit: load from https://download.openmmlab.com/mmclassification/v0/efficientnet/efficientnet-b3_3rdparty_8xb32-aa_in1k_20220119-5b4887a0.pth 

backbone.layers.3.2.se.conv2.conv.bias - torch.Size([288]): 
PretrainedInit: load from https://download.openmmlab.com/mmclassification/v0/efficientnet/efficientnet-b3_3rdparty_8xb32-aa_in1k_20220119-5b4887a0.pth 

backbone.layers.3.2.linear_conv.conv.weight - torch.Size([48, 288, 1, 1]): 
PretrainedInit: load from https://download.openmmlab.com/mmclassification/v0/efficientnet/efficientnet-b3_3rdparty_8xb32-aa_in1k_20220119-5b4887a0.pth 

backbone.layers.3.2.linear_conv.bn.weight - torch.Size([48]): 
PretrainedInit: load from https://download.openmmlab.com/mmclassification/v0/efficientnet/efficientnet-b3_3rdparty_8xb32-aa_in1k_20220119-5b4887a0.pth 

backbone.layers.3.2.linear_conv.bn.bias - torch.Size([48]): 
PretrainedInit: load from https://download.openmmlab.com/mmclassification/v0/efficientnet/efficientnet-b3_3rdparty_8xb32-aa_in1k_20220119-5b4887a0.pth 

backbone.layers.4.0.expand_conv.conv.weight - torch.Size([288, 48, 1, 1]): 
PretrainedInit: load from https://download.openmmlab.com/mmclassification/v0/efficientnet/efficientnet-b3_3rdparty_8xb32-aa_in1k_20220119-5b4887a0.pth 

backbone.layers.4.0.expand_conv.bn.weight - torch.Size([288]): 
PretrainedInit: load from https://download.openmmlab.com/mmclassification/v0/efficientnet/efficientnet-b3_3rdparty_8xb32-aa_in1k_20220119-5b4887a0.pth 

backbone.layers.4.0.expand_conv.bn.bias - torch.Size([288]): 
PretrainedInit: load from https://download.openmmlab.com/mmclassification/v0/efficientnet/efficientnet-b3_3rdparty_8xb32-aa_in1k_20220119-5b4887a0.pth 

backbone.layers.4.0.depthwise_conv.conv.weight - torch.Size([288, 1, 3, 3]): 
PretrainedInit: load from https://download.openmmlab.com/mmclassification/v0/efficientnet/efficientnet-b3_3rdparty_8xb32-aa_in1k_20220119-5b4887a0.pth 

backbone.layers.4.0.depthwise_conv.bn.weight - torch.Size([288]): 
PretrainedInit: load from https://download.openmmlab.com/mmclassification/v0/efficientnet/efficientnet-b3_3rdparty_8xb32-aa_in1k_20220119-5b4887a0.pth 

backbone.layers.4.0.depthwise_conv.bn.bias - torch.Size([288]): 
PretrainedInit: load from https://download.openmmlab.com/mmclassification/v0/efficientnet/efficientnet-b3_3rdparty_8xb32-aa_in1k_20220119-5b4887a0.pth 

backbone.layers.4.0.se.conv1.conv.weight - torch.Size([12, 288, 1, 1]): 
PretrainedInit: load from https://download.openmmlab.com/mmclassification/v0/efficientnet/efficientnet-b3_3rdparty_8xb32-aa_in1k_20220119-5b4887a0.pth 

backbone.layers.4.0.se.conv1.conv.bias - torch.Size([12]): 
PretrainedInit: load from https://download.openmmlab.com/mmclassification/v0/efficientnet/efficientnet-b3_3rdparty_8xb32-aa_in1k_20220119-5b4887a0.pth 

backbone.layers.4.0.se.conv2.conv.weight - torch.Size([288, 12, 1, 1]): 
PretrainedInit: load from https://download.openmmlab.com/mmclassification/v0/efficientnet/efficientnet-b3_3rdparty_8xb32-aa_in1k_20220119-5b4887a0.pth 

backbone.layers.4.0.se.conv2.conv.bias - torch.Size([288]): 
PretrainedInit: load from https://download.openmmlab.com/mmclassification/v0/efficientnet/efficientnet-b3_3rdparty_8xb32-aa_in1k_20220119-5b4887a0.pth 

backbone.layers.4.0.linear_conv.conv.weight - torch.Size([96, 288, 1, 1]): 
PretrainedInit: load from https://download.openmmlab.com/mmclassification/v0/efficientnet/efficientnet-b3_3rdparty_8xb32-aa_in1k_20220119-5b4887a0.pth 

backbone.layers.4.0.linear_conv.bn.weight - torch.Size([96]): 
PretrainedInit: load from https://download.openmmlab.com/mmclassification/v0/efficientnet/efficientnet-b3_3rdparty_8xb32-aa_in1k_20220119-5b4887a0.pth 

backbone.layers.4.0.linear_conv.bn.bias - torch.Size([96]): 
PretrainedInit: load from https://download.openmmlab.com/mmclassification/v0/efficientnet/efficientnet-b3_3rdparty_8xb32-aa_in1k_20220119-5b4887a0.pth 

backbone.layers.4.1.expand_conv.conv.weight - torch.Size([576, 96, 1, 1]): 
PretrainedInit: load from https://download.openmmlab.com/mmclassification/v0/efficientnet/efficientnet-b3_3rdparty_8xb32-aa_in1k_20220119-5b4887a0.pth 

backbone.layers.4.1.expand_conv.bn.weight - torch.Size([576]): 
PretrainedInit: load from https://download.openmmlab.com/mmclassification/v0/efficientnet/efficientnet-b3_3rdparty_8xb32-aa_in1k_20220119-5b4887a0.pth 

backbone.layers.4.1.expand_conv.bn.bias - torch.Size([576]): 
PretrainedInit: load from https://download.openmmlab.com/mmclassification/v0/efficientnet/efficientnet-b3_3rdparty_8xb32-aa_in1k_20220119-5b4887a0.pth 

backbone.layers.4.1.depthwise_conv.conv.weight - torch.Size([576, 1, 3, 3]): 
PretrainedInit: load from https://download.openmmlab.com/mmclassification/v0/efficientnet/efficientnet-b3_3rdparty_8xb32-aa_in1k_20220119-5b4887a0.pth 

backbone.layers.4.1.depthwise_conv.bn.weight - torch.Size([576]): 
PretrainedInit: load from https://download.openmmlab.com/mmclassification/v0/efficientnet/efficientnet-b3_3rdparty_8xb32-aa_in1k_20220119-5b4887a0.pth 

backbone.layers.4.1.depthwise_conv.bn.bias - torch.Size([576]): 
PretrainedInit: load from https://download.openmmlab.com/mmclassification/v0/efficientnet/efficientnet-b3_3rdparty_8xb32-aa_in1k_20220119-5b4887a0.pth 

backbone.layers.4.1.se.conv1.conv.weight - torch.Size([24, 576, 1, 1]): 
PretrainedInit: load from https://download.openmmlab.com/mmclassification/v0/efficientnet/efficientnet-b3_3rdparty_8xb32-aa_in1k_20220119-5b4887a0.pth 

backbone.layers.4.1.se.conv1.conv.bias - torch.Size([24]): 
PretrainedInit: load from https://download.openmmlab.com/mmclassification/v0/efficientnet/efficientnet-b3_3rdparty_8xb32-aa_in1k_20220119-5b4887a0.pth 

backbone.layers.4.1.se.conv2.conv.weight - torch.Size([576, 24, 1, 1]): 
PretrainedInit: load from https://download.openmmlab.com/mmclassification/v0/efficientnet/efficientnet-b3_3rdparty_8xb32-aa_in1k_20220119-5b4887a0.pth 

backbone.layers.4.1.se.conv2.conv.bias - torch.Size([576]): 
PretrainedInit: load from https://download.openmmlab.com/mmclassification/v0/efficientnet/efficientnet-b3_3rdparty_8xb32-aa_in1k_20220119-5b4887a0.pth 

backbone.layers.4.1.linear_conv.conv.weight - torch.Size([96, 576, 1, 1]): 
PretrainedInit: load from https://download.openmmlab.com/mmclassification/v0/efficientnet/efficientnet-b3_3rdparty_8xb32-aa_in1k_20220119-5b4887a0.pth 

backbone.layers.4.1.linear_conv.bn.weight - torch.Size([96]): 
PretrainedInit: load from https://download.openmmlab.com/mmclassification/v0/efficientnet/efficientnet-b3_3rdparty_8xb32-aa_in1k_20220119-5b4887a0.pth 

backbone.layers.4.1.linear_conv.bn.bias - torch.Size([96]): 
PretrainedInit: load from https://download.openmmlab.com/mmclassification/v0/efficientnet/efficientnet-b3_3rdparty_8xb32-aa_in1k_20220119-5b4887a0.pth 

backbone.layers.4.2.expand_conv.conv.weight - torch.Size([576, 96, 1, 1]): 
PretrainedInit: load from https://download.openmmlab.com/mmclassification/v0/efficientnet/efficientnet-b3_3rdparty_8xb32-aa_in1k_20220119-5b4887a0.pth 

backbone.layers.4.2.expand_conv.bn.weight - torch.Size([576]): 
PretrainedInit: load from https://download.openmmlab.com/mmclassification/v0/efficientnet/efficientnet-b3_3rdparty_8xb32-aa_in1k_20220119-5b4887a0.pth 

backbone.layers.4.2.expand_conv.bn.bias - torch.Size([576]): 
PretrainedInit: load from https://download.openmmlab.com/mmclassification/v0/efficientnet/efficientnet-b3_3rdparty_8xb32-aa_in1k_20220119-5b4887a0.pth 

backbone.layers.4.2.depthwise_conv.conv.weight - torch.Size([576, 1, 3, 3]): 
PretrainedInit: load from https://download.openmmlab.com/mmclassification/v0/efficientnet/efficientnet-b3_3rdparty_8xb32-aa_in1k_20220119-5b4887a0.pth 

backbone.layers.4.2.depthwise_conv.bn.weight - torch.Size([576]): 
PretrainedInit: load from https://download.openmmlab.com/mmclassification/v0/efficientnet/efficientnet-b3_3rdparty_8xb32-aa_in1k_20220119-5b4887a0.pth 

backbone.layers.4.2.depthwise_conv.bn.bias - torch.Size([576]): 
PretrainedInit: load from https://download.openmmlab.com/mmclassification/v0/efficientnet/efficientnet-b3_3rdparty_8xb32-aa_in1k_20220119-5b4887a0.pth 

backbone.layers.4.2.se.conv1.conv.weight - torch.Size([24, 576, 1, 1]): 
PretrainedInit: load from https://download.openmmlab.com/mmclassification/v0/efficientnet/efficientnet-b3_3rdparty_8xb32-aa_in1k_20220119-5b4887a0.pth 

backbone.layers.4.2.se.conv1.conv.bias - torch.Size([24]): 
PretrainedInit: load from https://download.openmmlab.com/mmclassification/v0/efficientnet/efficientnet-b3_3rdparty_8xb32-aa_in1k_20220119-5b4887a0.pth 

backbone.layers.4.2.se.conv2.conv.weight - torch.Size([576, 24, 1, 1]): 
PretrainedInit: load from https://download.openmmlab.com/mmclassification/v0/efficientnet/efficientnet-b3_3rdparty_8xb32-aa_in1k_20220119-5b4887a0.pth 

backbone.layers.4.2.se.conv2.conv.bias - torch.Size([576]): 
PretrainedInit: load from https://download.openmmlab.com/mmclassification/v0/efficientnet/efficientnet-b3_3rdparty_8xb32-aa_in1k_20220119-5b4887a0.pth 

backbone.layers.4.2.linear_conv.conv.weight - torch.Size([96, 576, 1, 1]): 
PretrainedInit: load from https://download.openmmlab.com/mmclassification/v0/efficientnet/efficientnet-b3_3rdparty_8xb32-aa_in1k_20220119-5b4887a0.pth 

backbone.layers.4.2.linear_conv.bn.weight - torch.Size([96]): 
PretrainedInit: load from https://download.openmmlab.com/mmclassification/v0/efficientnet/efficientnet-b3_3rdparty_8xb32-aa_in1k_20220119-5b4887a0.pth 

backbone.layers.4.2.linear_conv.bn.bias - torch.Size([96]): 
PretrainedInit: load from https://download.openmmlab.com/mmclassification/v0/efficientnet/efficientnet-b3_3rdparty_8xb32-aa_in1k_20220119-5b4887a0.pth 

backbone.layers.4.3.expand_conv.conv.weight - torch.Size([576, 96, 1, 1]): 
PretrainedInit: load from https://download.openmmlab.com/mmclassification/v0/efficientnet/efficientnet-b3_3rdparty_8xb32-aa_in1k_20220119-5b4887a0.pth 

backbone.layers.4.3.expand_conv.bn.weight - torch.Size([576]): 
PretrainedInit: load from https://download.openmmlab.com/mmclassification/v0/efficientnet/efficientnet-b3_3rdparty_8xb32-aa_in1k_20220119-5b4887a0.pth 

backbone.layers.4.3.expand_conv.bn.bias - torch.Size([576]): 
PretrainedInit: load from https://download.openmmlab.com/mmclassification/v0/efficientnet/efficientnet-b3_3rdparty_8xb32-aa_in1k_20220119-5b4887a0.pth 

backbone.layers.4.3.depthwise_conv.conv.weight - torch.Size([576, 1, 3, 3]): 
PretrainedInit: load from https://download.openmmlab.com/mmclassification/v0/efficientnet/efficientnet-b3_3rdparty_8xb32-aa_in1k_20220119-5b4887a0.pth 

backbone.layers.4.3.depthwise_conv.bn.weight - torch.Size([576]): 
PretrainedInit: load from https://download.openmmlab.com/mmclassification/v0/efficientnet/efficientnet-b3_3rdparty_8xb32-aa_in1k_20220119-5b4887a0.pth 

backbone.layers.4.3.depthwise_conv.bn.bias - torch.Size([576]): 
PretrainedInit: load from https://download.openmmlab.com/mmclassification/v0/efficientnet/efficientnet-b3_3rdparty_8xb32-aa_in1k_20220119-5b4887a0.pth 

backbone.layers.4.3.se.conv1.conv.weight - torch.Size([24, 576, 1, 1]): 
PretrainedInit: load from https://download.openmmlab.com/mmclassification/v0/efficientnet/efficientnet-b3_3rdparty_8xb32-aa_in1k_20220119-5b4887a0.pth 

backbone.layers.4.3.se.conv1.conv.bias - torch.Size([24]): 
PretrainedInit: load from https://download.openmmlab.com/mmclassification/v0/efficientnet/efficientnet-b3_3rdparty_8xb32-aa_in1k_20220119-5b4887a0.pth 

backbone.layers.4.3.se.conv2.conv.weight - torch.Size([576, 24, 1, 1]): 
PretrainedInit: load from https://download.openmmlab.com/mmclassification/v0/efficientnet/efficientnet-b3_3rdparty_8xb32-aa_in1k_20220119-5b4887a0.pth 

backbone.layers.4.3.se.conv2.conv.bias - torch.Size([576]): 
PretrainedInit: load from https://download.openmmlab.com/mmclassification/v0/efficientnet/efficientnet-b3_3rdparty_8xb32-aa_in1k_20220119-5b4887a0.pth 

backbone.layers.4.3.linear_conv.conv.weight - torch.Size([96, 576, 1, 1]): 
PretrainedInit: load from https://download.openmmlab.com/mmclassification/v0/efficientnet/efficientnet-b3_3rdparty_8xb32-aa_in1k_20220119-5b4887a0.pth 

backbone.layers.4.3.linear_conv.bn.weight - torch.Size([96]): 
PretrainedInit: load from https://download.openmmlab.com/mmclassification/v0/efficientnet/efficientnet-b3_3rdparty_8xb32-aa_in1k_20220119-5b4887a0.pth 

backbone.layers.4.3.linear_conv.bn.bias - torch.Size([96]): 
PretrainedInit: load from https://download.openmmlab.com/mmclassification/v0/efficientnet/efficientnet-b3_3rdparty_8xb32-aa_in1k_20220119-5b4887a0.pth 

backbone.layers.4.4.expand_conv.conv.weight - torch.Size([576, 96, 1, 1]): 
PretrainedInit: load from https://download.openmmlab.com/mmclassification/v0/efficientnet/efficientnet-b3_3rdparty_8xb32-aa_in1k_20220119-5b4887a0.pth 

backbone.layers.4.4.expand_conv.bn.weight - torch.Size([576]): 
PretrainedInit: load from https://download.openmmlab.com/mmclassification/v0/efficientnet/efficientnet-b3_3rdparty_8xb32-aa_in1k_20220119-5b4887a0.pth 

backbone.layers.4.4.expand_conv.bn.bias - torch.Size([576]): 
PretrainedInit: load from https://download.openmmlab.com/mmclassification/v0/efficientnet/efficientnet-b3_3rdparty_8xb32-aa_in1k_20220119-5b4887a0.pth 

backbone.layers.4.4.depthwise_conv.conv.weight - torch.Size([576, 1, 3, 3]): 
PretrainedInit: load from https://download.openmmlab.com/mmclassification/v0/efficientnet/efficientnet-b3_3rdparty_8xb32-aa_in1k_20220119-5b4887a0.pth 

backbone.layers.4.4.depthwise_conv.bn.weight - torch.Size([576]): 
PretrainedInit: load from https://download.openmmlab.com/mmclassification/v0/efficientnet/efficientnet-b3_3rdparty_8xb32-aa_in1k_20220119-5b4887a0.pth 

backbone.layers.4.4.depthwise_conv.bn.bias - torch.Size([576]): 
PretrainedInit: load from https://download.openmmlab.com/mmclassification/v0/efficientnet/efficientnet-b3_3rdparty_8xb32-aa_in1k_20220119-5b4887a0.pth 

backbone.layers.4.4.se.conv1.conv.weight - torch.Size([24, 576, 1, 1]): 
PretrainedInit: load from https://download.openmmlab.com/mmclassification/v0/efficientnet/efficientnet-b3_3rdparty_8xb32-aa_in1k_20220119-5b4887a0.pth 

backbone.layers.4.4.se.conv1.conv.bias - torch.Size([24]): 
PretrainedInit: load from https://download.openmmlab.com/mmclassification/v0/efficientnet/efficientnet-b3_3rdparty_8xb32-aa_in1k_20220119-5b4887a0.pth 

backbone.layers.4.4.se.conv2.conv.weight - torch.Size([576, 24, 1, 1]): 
PretrainedInit: load from https://download.openmmlab.com/mmclassification/v0/efficientnet/efficientnet-b3_3rdparty_8xb32-aa_in1k_20220119-5b4887a0.pth 

backbone.layers.4.4.se.conv2.conv.bias - torch.Size([576]): 
PretrainedInit: load from https://download.openmmlab.com/mmclassification/v0/efficientnet/efficientnet-b3_3rdparty_8xb32-aa_in1k_20220119-5b4887a0.pth 

backbone.layers.4.4.linear_conv.conv.weight - torch.Size([96, 576, 1, 1]): 
PretrainedInit: load from https://download.openmmlab.com/mmclassification/v0/efficientnet/efficientnet-b3_3rdparty_8xb32-aa_in1k_20220119-5b4887a0.pth 

backbone.layers.4.4.linear_conv.bn.weight - torch.Size([96]): 
PretrainedInit: load from https://download.openmmlab.com/mmclassification/v0/efficientnet/efficientnet-b3_3rdparty_8xb32-aa_in1k_20220119-5b4887a0.pth 

backbone.layers.4.4.linear_conv.bn.bias - torch.Size([96]): 
PretrainedInit: load from https://download.openmmlab.com/mmclassification/v0/efficientnet/efficientnet-b3_3rdparty_8xb32-aa_in1k_20220119-5b4887a0.pth 

backbone.layers.4.5.expand_conv.conv.weight - torch.Size([576, 96, 1, 1]): 
PretrainedInit: load from https://download.openmmlab.com/mmclassification/v0/efficientnet/efficientnet-b3_3rdparty_8xb32-aa_in1k_20220119-5b4887a0.pth 

backbone.layers.4.5.expand_conv.bn.weight - torch.Size([576]): 
PretrainedInit: load from https://download.openmmlab.com/mmclassification/v0/efficientnet/efficientnet-b3_3rdparty_8xb32-aa_in1k_20220119-5b4887a0.pth 

backbone.layers.4.5.expand_conv.bn.bias - torch.Size([576]): 
PretrainedInit: load from https://download.openmmlab.com/mmclassification/v0/efficientnet/efficientnet-b3_3rdparty_8xb32-aa_in1k_20220119-5b4887a0.pth 

backbone.layers.4.5.depthwise_conv.conv.weight - torch.Size([576, 1, 5, 5]): 
PretrainedInit: load from https://download.openmmlab.com/mmclassification/v0/efficientnet/efficientnet-b3_3rdparty_8xb32-aa_in1k_20220119-5b4887a0.pth 

backbone.layers.4.5.depthwise_conv.bn.weight - torch.Size([576]): 
PretrainedInit: load from https://download.openmmlab.com/mmclassification/v0/efficientnet/efficientnet-b3_3rdparty_8xb32-aa_in1k_20220119-5b4887a0.pth 

backbone.layers.4.5.depthwise_conv.bn.bias - torch.Size([576]): 
PretrainedInit: load from https://download.openmmlab.com/mmclassification/v0/efficientnet/efficientnet-b3_3rdparty_8xb32-aa_in1k_20220119-5b4887a0.pth 

backbone.layers.4.5.se.conv1.conv.weight - torch.Size([24, 576, 1, 1]): 
PretrainedInit: load from https://download.openmmlab.com/mmclassification/v0/efficientnet/efficientnet-b3_3rdparty_8xb32-aa_in1k_20220119-5b4887a0.pth 

backbone.layers.4.5.se.conv1.conv.bias - torch.Size([24]): 
PretrainedInit: load from https://download.openmmlab.com/mmclassification/v0/efficientnet/efficientnet-b3_3rdparty_8xb32-aa_in1k_20220119-5b4887a0.pth 

backbone.layers.4.5.se.conv2.conv.weight - torch.Size([576, 24, 1, 1]): 
PretrainedInit: load from https://download.openmmlab.com/mmclassification/v0/efficientnet/efficientnet-b3_3rdparty_8xb32-aa_in1k_20220119-5b4887a0.pth 

backbone.layers.4.5.se.conv2.conv.bias - torch.Size([576]): 
PretrainedInit: load from https://download.openmmlab.com/mmclassification/v0/efficientnet/efficientnet-b3_3rdparty_8xb32-aa_in1k_20220119-5b4887a0.pth 

backbone.layers.4.5.linear_conv.conv.weight - torch.Size([136, 576, 1, 1]): 
PretrainedInit: load from https://download.openmmlab.com/mmclassification/v0/efficientnet/efficientnet-b3_3rdparty_8xb32-aa_in1k_20220119-5b4887a0.pth 

backbone.layers.4.5.linear_conv.bn.weight - torch.Size([136]): 
PretrainedInit: load from https://download.openmmlab.com/mmclassification/v0/efficientnet/efficientnet-b3_3rdparty_8xb32-aa_in1k_20220119-5b4887a0.pth 

backbone.layers.4.5.linear_conv.bn.bias - torch.Size([136]): 
PretrainedInit: load from https://download.openmmlab.com/mmclassification/v0/efficientnet/efficientnet-b3_3rdparty_8xb32-aa_in1k_20220119-5b4887a0.pth 

backbone.layers.4.6.expand_conv.conv.weight - torch.Size([816, 136, 1, 1]): 
PretrainedInit: load from https://download.openmmlab.com/mmclassification/v0/efficientnet/efficientnet-b3_3rdparty_8xb32-aa_in1k_20220119-5b4887a0.pth 

backbone.layers.4.6.expand_conv.bn.weight - torch.Size([816]): 
PretrainedInit: load from https://download.openmmlab.com/mmclassification/v0/efficientnet/efficientnet-b3_3rdparty_8xb32-aa_in1k_20220119-5b4887a0.pth 

backbone.layers.4.6.expand_conv.bn.bias - torch.Size([816]): 
PretrainedInit: load from https://download.openmmlab.com/mmclassification/v0/efficientnet/efficientnet-b3_3rdparty_8xb32-aa_in1k_20220119-5b4887a0.pth 

backbone.layers.4.6.depthwise_conv.conv.weight - torch.Size([816, 1, 5, 5]): 
PretrainedInit: load from https://download.openmmlab.com/mmclassification/v0/efficientnet/efficientnet-b3_3rdparty_8xb32-aa_in1k_20220119-5b4887a0.pth 

backbone.layers.4.6.depthwise_conv.bn.weight - torch.Size([816]): 
PretrainedInit: load from https://download.openmmlab.com/mmclassification/v0/efficientnet/efficientnet-b3_3rdparty_8xb32-aa_in1k_20220119-5b4887a0.pth 

backbone.layers.4.6.depthwise_conv.bn.bias - torch.Size([816]): 
PretrainedInit: load from https://download.openmmlab.com/mmclassification/v0/efficientnet/efficientnet-b3_3rdparty_8xb32-aa_in1k_20220119-5b4887a0.pth 

backbone.layers.4.6.se.conv1.conv.weight - torch.Size([34, 816, 1, 1]): 
PretrainedInit: load from https://download.openmmlab.com/mmclassification/v0/efficientnet/efficientnet-b3_3rdparty_8xb32-aa_in1k_20220119-5b4887a0.pth 

backbone.layers.4.6.se.conv1.conv.bias - torch.Size([34]): 
PretrainedInit: load from https://download.openmmlab.com/mmclassification/v0/efficientnet/efficientnet-b3_3rdparty_8xb32-aa_in1k_20220119-5b4887a0.pth 

backbone.layers.4.6.se.conv2.conv.weight - torch.Size([816, 34, 1, 1]): 
PretrainedInit: load from https://download.openmmlab.com/mmclassification/v0/efficientnet/efficientnet-b3_3rdparty_8xb32-aa_in1k_20220119-5b4887a0.pth 

backbone.layers.4.6.se.conv2.conv.bias - torch.Size([816]): 
PretrainedInit: load from https://download.openmmlab.com/mmclassification/v0/efficientnet/efficientnet-b3_3rdparty_8xb32-aa_in1k_20220119-5b4887a0.pth 

backbone.layers.4.6.linear_conv.conv.weight - torch.Size([136, 816, 1, 1]): 
PretrainedInit: load from https://download.openmmlab.com/mmclassification/v0/efficientnet/efficientnet-b3_3rdparty_8xb32-aa_in1k_20220119-5b4887a0.pth 

backbone.layers.4.6.linear_conv.bn.weight - torch.Size([136]): 
PretrainedInit: load from https://download.openmmlab.com/mmclassification/v0/efficientnet/efficientnet-b3_3rdparty_8xb32-aa_in1k_20220119-5b4887a0.pth 

backbone.layers.4.6.linear_conv.bn.bias - torch.Size([136]): 
PretrainedInit: load from https://download.openmmlab.com/mmclassification/v0/efficientnet/efficientnet-b3_3rdparty_8xb32-aa_in1k_20220119-5b4887a0.pth 

backbone.layers.4.7.expand_conv.conv.weight - torch.Size([816, 136, 1, 1]): 
PretrainedInit: load from https://download.openmmlab.com/mmclassification/v0/efficientnet/efficientnet-b3_3rdparty_8xb32-aa_in1k_20220119-5b4887a0.pth 

backbone.layers.4.7.expand_conv.bn.weight - torch.Size([816]): 
PretrainedInit: load from https://download.openmmlab.com/mmclassification/v0/efficientnet/efficientnet-b3_3rdparty_8xb32-aa_in1k_20220119-5b4887a0.pth 

backbone.layers.4.7.expand_conv.bn.bias - torch.Size([816]): 
PretrainedInit: load from https://download.openmmlab.com/mmclassification/v0/efficientnet/efficientnet-b3_3rdparty_8xb32-aa_in1k_20220119-5b4887a0.pth 

backbone.layers.4.7.depthwise_conv.conv.weight - torch.Size([816, 1, 5, 5]): 
PretrainedInit: load from https://download.openmmlab.com/mmclassification/v0/efficientnet/efficientnet-b3_3rdparty_8xb32-aa_in1k_20220119-5b4887a0.pth 

backbone.layers.4.7.depthwise_conv.bn.weight - torch.Size([816]): 
PretrainedInit: load from https://download.openmmlab.com/mmclassification/v0/efficientnet/efficientnet-b3_3rdparty_8xb32-aa_in1k_20220119-5b4887a0.pth 

backbone.layers.4.7.depthwise_conv.bn.bias - torch.Size([816]): 
PretrainedInit: load from https://download.openmmlab.com/mmclassification/v0/efficientnet/efficientnet-b3_3rdparty_8xb32-aa_in1k_20220119-5b4887a0.pth 

backbone.layers.4.7.se.conv1.conv.weight - torch.Size([34, 816, 1, 1]): 
PretrainedInit: load from https://download.openmmlab.com/mmclassification/v0/efficientnet/efficientnet-b3_3rdparty_8xb32-aa_in1k_20220119-5b4887a0.pth 

backbone.layers.4.7.se.conv1.conv.bias - torch.Size([34]): 
PretrainedInit: load from https://download.openmmlab.com/mmclassification/v0/efficientnet/efficientnet-b3_3rdparty_8xb32-aa_in1k_20220119-5b4887a0.pth 

backbone.layers.4.7.se.conv2.conv.weight - torch.Size([816, 34, 1, 1]): 
PretrainedInit: load from https://download.openmmlab.com/mmclassification/v0/efficientnet/efficientnet-b3_3rdparty_8xb32-aa_in1k_20220119-5b4887a0.pth 

backbone.layers.4.7.se.conv2.conv.bias - torch.Size([816]): 
PretrainedInit: load from https://download.openmmlab.com/mmclassification/v0/efficientnet/efficientnet-b3_3rdparty_8xb32-aa_in1k_20220119-5b4887a0.pth 

backbone.layers.4.7.linear_conv.conv.weight - torch.Size([136, 816, 1, 1]): 
PretrainedInit: load from https://download.openmmlab.com/mmclassification/v0/efficientnet/efficientnet-b3_3rdparty_8xb32-aa_in1k_20220119-5b4887a0.pth 

backbone.layers.4.7.linear_conv.bn.weight - torch.Size([136]): 
PretrainedInit: load from https://download.openmmlab.com/mmclassification/v0/efficientnet/efficientnet-b3_3rdparty_8xb32-aa_in1k_20220119-5b4887a0.pth 

backbone.layers.4.7.linear_conv.bn.bias - torch.Size([136]): 
PretrainedInit: load from https://download.openmmlab.com/mmclassification/v0/efficientnet/efficientnet-b3_3rdparty_8xb32-aa_in1k_20220119-5b4887a0.pth 

backbone.layers.4.8.expand_conv.conv.weight - torch.Size([816, 136, 1, 1]): 
PretrainedInit: load from https://download.openmmlab.com/mmclassification/v0/efficientnet/efficientnet-b3_3rdparty_8xb32-aa_in1k_20220119-5b4887a0.pth 

backbone.layers.4.8.expand_conv.bn.weight - torch.Size([816]): 
PretrainedInit: load from https://download.openmmlab.com/mmclassification/v0/efficientnet/efficientnet-b3_3rdparty_8xb32-aa_in1k_20220119-5b4887a0.pth 

backbone.layers.4.8.expand_conv.bn.bias - torch.Size([816]): 
PretrainedInit: load from https://download.openmmlab.com/mmclassification/v0/efficientnet/efficientnet-b3_3rdparty_8xb32-aa_in1k_20220119-5b4887a0.pth 

backbone.layers.4.8.depthwise_conv.conv.weight - torch.Size([816, 1, 5, 5]): 
PretrainedInit: load from https://download.openmmlab.com/mmclassification/v0/efficientnet/efficientnet-b3_3rdparty_8xb32-aa_in1k_20220119-5b4887a0.pth 

backbone.layers.4.8.depthwise_conv.bn.weight - torch.Size([816]): 
PretrainedInit: load from https://download.openmmlab.com/mmclassification/v0/efficientnet/efficientnet-b3_3rdparty_8xb32-aa_in1k_20220119-5b4887a0.pth 

backbone.layers.4.8.depthwise_conv.bn.bias - torch.Size([816]): 
PretrainedInit: load from https://download.openmmlab.com/mmclassification/v0/efficientnet/efficientnet-b3_3rdparty_8xb32-aa_in1k_20220119-5b4887a0.pth 

backbone.layers.4.8.se.conv1.conv.weight - torch.Size([34, 816, 1, 1]): 
PretrainedInit: load from https://download.openmmlab.com/mmclassification/v0/efficientnet/efficientnet-b3_3rdparty_8xb32-aa_in1k_20220119-5b4887a0.pth 

backbone.layers.4.8.se.conv1.conv.bias - torch.Size([34]): 
PretrainedInit: load from https://download.openmmlab.com/mmclassification/v0/efficientnet/efficientnet-b3_3rdparty_8xb32-aa_in1k_20220119-5b4887a0.pth 

backbone.layers.4.8.se.conv2.conv.weight - torch.Size([816, 34, 1, 1]): 
PretrainedInit: load from https://download.openmmlab.com/mmclassification/v0/efficientnet/efficientnet-b3_3rdparty_8xb32-aa_in1k_20220119-5b4887a0.pth 

backbone.layers.4.8.se.conv2.conv.bias - torch.Size([816]): 
PretrainedInit: load from https://download.openmmlab.com/mmclassification/v0/efficientnet/efficientnet-b3_3rdparty_8xb32-aa_in1k_20220119-5b4887a0.pth 

backbone.layers.4.8.linear_conv.conv.weight - torch.Size([136, 816, 1, 1]): 
PretrainedInit: load from https://download.openmmlab.com/mmclassification/v0/efficientnet/efficientnet-b3_3rdparty_8xb32-aa_in1k_20220119-5b4887a0.pth 

backbone.layers.4.8.linear_conv.bn.weight - torch.Size([136]): 
PretrainedInit: load from https://download.openmmlab.com/mmclassification/v0/efficientnet/efficientnet-b3_3rdparty_8xb32-aa_in1k_20220119-5b4887a0.pth 

backbone.layers.4.8.linear_conv.bn.bias - torch.Size([136]): 
PretrainedInit: load from https://download.openmmlab.com/mmclassification/v0/efficientnet/efficientnet-b3_3rdparty_8xb32-aa_in1k_20220119-5b4887a0.pth 

backbone.layers.4.9.expand_conv.conv.weight - torch.Size([816, 136, 1, 1]): 
PretrainedInit: load from https://download.openmmlab.com/mmclassification/v0/efficientnet/efficientnet-b3_3rdparty_8xb32-aa_in1k_20220119-5b4887a0.pth 

backbone.layers.4.9.expand_conv.bn.weight - torch.Size([816]): 
PretrainedInit: load from https://download.openmmlab.com/mmclassification/v0/efficientnet/efficientnet-b3_3rdparty_8xb32-aa_in1k_20220119-5b4887a0.pth 

backbone.layers.4.9.expand_conv.bn.bias - torch.Size([816]): 
PretrainedInit: load from https://download.openmmlab.com/mmclassification/v0/efficientnet/efficientnet-b3_3rdparty_8xb32-aa_in1k_20220119-5b4887a0.pth 

backbone.layers.4.9.depthwise_conv.conv.weight - torch.Size([816, 1, 5, 5]): 
PretrainedInit: load from https://download.openmmlab.com/mmclassification/v0/efficientnet/efficientnet-b3_3rdparty_8xb32-aa_in1k_20220119-5b4887a0.pth 

backbone.layers.4.9.depthwise_conv.bn.weight - torch.Size([816]): 
PretrainedInit: load from https://download.openmmlab.com/mmclassification/v0/efficientnet/efficientnet-b3_3rdparty_8xb32-aa_in1k_20220119-5b4887a0.pth 

backbone.layers.4.9.depthwise_conv.bn.bias - torch.Size([816]): 
PretrainedInit: load from https://download.openmmlab.com/mmclassification/v0/efficientnet/efficientnet-b3_3rdparty_8xb32-aa_in1k_20220119-5b4887a0.pth 

backbone.layers.4.9.se.conv1.conv.weight - torch.Size([34, 816, 1, 1]): 
PretrainedInit: load from https://download.openmmlab.com/mmclassification/v0/efficientnet/efficientnet-b3_3rdparty_8xb32-aa_in1k_20220119-5b4887a0.pth 

backbone.layers.4.9.se.conv1.conv.bias - torch.Size([34]): 
PretrainedInit: load from https://download.openmmlab.com/mmclassification/v0/efficientnet/efficientnet-b3_3rdparty_8xb32-aa_in1k_20220119-5b4887a0.pth 

backbone.layers.4.9.se.conv2.conv.weight - torch.Size([816, 34, 1, 1]): 
PretrainedInit: load from https://download.openmmlab.com/mmclassification/v0/efficientnet/efficientnet-b3_3rdparty_8xb32-aa_in1k_20220119-5b4887a0.pth 

backbone.layers.4.9.se.conv2.conv.bias - torch.Size([816]): 
PretrainedInit: load from https://download.openmmlab.com/mmclassification/v0/efficientnet/efficientnet-b3_3rdparty_8xb32-aa_in1k_20220119-5b4887a0.pth 

backbone.layers.4.9.linear_conv.conv.weight - torch.Size([136, 816, 1, 1]): 
PretrainedInit: load from https://download.openmmlab.com/mmclassification/v0/efficientnet/efficientnet-b3_3rdparty_8xb32-aa_in1k_20220119-5b4887a0.pth 

backbone.layers.4.9.linear_conv.bn.weight - torch.Size([136]): 
PretrainedInit: load from https://download.openmmlab.com/mmclassification/v0/efficientnet/efficientnet-b3_3rdparty_8xb32-aa_in1k_20220119-5b4887a0.pth 

backbone.layers.4.9.linear_conv.bn.bias - torch.Size([136]): 
PretrainedInit: load from https://download.openmmlab.com/mmclassification/v0/efficientnet/efficientnet-b3_3rdparty_8xb32-aa_in1k_20220119-5b4887a0.pth 

backbone.layers.5.0.expand_conv.conv.weight - torch.Size([816, 136, 1, 1]): 
PretrainedInit: load from https://download.openmmlab.com/mmclassification/v0/efficientnet/efficientnet-b3_3rdparty_8xb32-aa_in1k_20220119-5b4887a0.pth 

backbone.layers.5.0.expand_conv.bn.weight - torch.Size([816]): 
PretrainedInit: load from https://download.openmmlab.com/mmclassification/v0/efficientnet/efficientnet-b3_3rdparty_8xb32-aa_in1k_20220119-5b4887a0.pth 

backbone.layers.5.0.expand_conv.bn.bias - torch.Size([816]): 
PretrainedInit: load from https://download.openmmlab.com/mmclassification/v0/efficientnet/efficientnet-b3_3rdparty_8xb32-aa_in1k_20220119-5b4887a0.pth 

backbone.layers.5.0.depthwise_conv.conv.weight - torch.Size([816, 1, 5, 5]): 
PretrainedInit: load from https://download.openmmlab.com/mmclassification/v0/efficientnet/efficientnet-b3_3rdparty_8xb32-aa_in1k_20220119-5b4887a0.pth 

backbone.layers.5.0.depthwise_conv.bn.weight - torch.Size([816]): 
PretrainedInit: load from https://download.openmmlab.com/mmclassification/v0/efficientnet/efficientnet-b3_3rdparty_8xb32-aa_in1k_20220119-5b4887a0.pth 

backbone.layers.5.0.depthwise_conv.bn.bias - torch.Size([816]): 
PretrainedInit: load from https://download.openmmlab.com/mmclassification/v0/efficientnet/efficientnet-b3_3rdparty_8xb32-aa_in1k_20220119-5b4887a0.pth 

backbone.layers.5.0.se.conv1.conv.weight - torch.Size([34, 816, 1, 1]): 
PretrainedInit: load from https://download.openmmlab.com/mmclassification/v0/efficientnet/efficientnet-b3_3rdparty_8xb32-aa_in1k_20220119-5b4887a0.pth 

backbone.layers.5.0.se.conv1.conv.bias - torch.Size([34]): 
PretrainedInit: load from https://download.openmmlab.com/mmclassification/v0/efficientnet/efficientnet-b3_3rdparty_8xb32-aa_in1k_20220119-5b4887a0.pth 

backbone.layers.5.0.se.conv2.conv.weight - torch.Size([816, 34, 1, 1]): 
PretrainedInit: load from https://download.openmmlab.com/mmclassification/v0/efficientnet/efficientnet-b3_3rdparty_8xb32-aa_in1k_20220119-5b4887a0.pth 

backbone.layers.5.0.se.conv2.conv.bias - torch.Size([816]): 
PretrainedInit: load from https://download.openmmlab.com/mmclassification/v0/efficientnet/efficientnet-b3_3rdparty_8xb32-aa_in1k_20220119-5b4887a0.pth 

backbone.layers.5.0.linear_conv.conv.weight - torch.Size([232, 816, 1, 1]): 
PretrainedInit: load from https://download.openmmlab.com/mmclassification/v0/efficientnet/efficientnet-b3_3rdparty_8xb32-aa_in1k_20220119-5b4887a0.pth 

backbone.layers.5.0.linear_conv.bn.weight - torch.Size([232]): 
PretrainedInit: load from https://download.openmmlab.com/mmclassification/v0/efficientnet/efficientnet-b3_3rdparty_8xb32-aa_in1k_20220119-5b4887a0.pth 

backbone.layers.5.0.linear_conv.bn.bias - torch.Size([232]): 
PretrainedInit: load from https://download.openmmlab.com/mmclassification/v0/efficientnet/efficientnet-b3_3rdparty_8xb32-aa_in1k_20220119-5b4887a0.pth 

backbone.layers.5.1.expand_conv.conv.weight - torch.Size([1392, 232, 1, 1]): 
PretrainedInit: load from https://download.openmmlab.com/mmclassification/v0/efficientnet/efficientnet-b3_3rdparty_8xb32-aa_in1k_20220119-5b4887a0.pth 

backbone.layers.5.1.expand_conv.bn.weight - torch.Size([1392]): 
PretrainedInit: load from https://download.openmmlab.com/mmclassification/v0/efficientnet/efficientnet-b3_3rdparty_8xb32-aa_in1k_20220119-5b4887a0.pth 

backbone.layers.5.1.expand_conv.bn.bias - torch.Size([1392]): 
PretrainedInit: load from https://download.openmmlab.com/mmclassification/v0/efficientnet/efficientnet-b3_3rdparty_8xb32-aa_in1k_20220119-5b4887a0.pth 

backbone.layers.5.1.depthwise_conv.conv.weight - torch.Size([1392, 1, 5, 5]): 
PretrainedInit: load from https://download.openmmlab.com/mmclassification/v0/efficientnet/efficientnet-b3_3rdparty_8xb32-aa_in1k_20220119-5b4887a0.pth 

backbone.layers.5.1.depthwise_conv.bn.weight - torch.Size([1392]): 
PretrainedInit: load from https://download.openmmlab.com/mmclassification/v0/efficientnet/efficientnet-b3_3rdparty_8xb32-aa_in1k_20220119-5b4887a0.pth 

backbone.layers.5.1.depthwise_conv.bn.bias - torch.Size([1392]): 
PretrainedInit: load from https://download.openmmlab.com/mmclassification/v0/efficientnet/efficientnet-b3_3rdparty_8xb32-aa_in1k_20220119-5b4887a0.pth 

backbone.layers.5.1.se.conv1.conv.weight - torch.Size([58, 1392, 1, 1]): 
PretrainedInit: load from https://download.openmmlab.com/mmclassification/v0/efficientnet/efficientnet-b3_3rdparty_8xb32-aa_in1k_20220119-5b4887a0.pth 

backbone.layers.5.1.se.conv1.conv.bias - torch.Size([58]): 
PretrainedInit: load from https://download.openmmlab.com/mmclassification/v0/efficientnet/efficientnet-b3_3rdparty_8xb32-aa_in1k_20220119-5b4887a0.pth 

backbone.layers.5.1.se.conv2.conv.weight - torch.Size([1392, 58, 1, 1]): 
PretrainedInit: load from https://download.openmmlab.com/mmclassification/v0/efficientnet/efficientnet-b3_3rdparty_8xb32-aa_in1k_20220119-5b4887a0.pth 

backbone.layers.5.1.se.conv2.conv.bias - torch.Size([1392]): 
PretrainedInit: load from https://download.openmmlab.com/mmclassification/v0/efficientnet/efficientnet-b3_3rdparty_8xb32-aa_in1k_20220119-5b4887a0.pth 

backbone.layers.5.1.linear_conv.conv.weight - torch.Size([232, 1392, 1, 1]): 
PretrainedInit: load from https://download.openmmlab.com/mmclassification/v0/efficientnet/efficientnet-b3_3rdparty_8xb32-aa_in1k_20220119-5b4887a0.pth 

backbone.layers.5.1.linear_conv.bn.weight - torch.Size([232]): 
PretrainedInit: load from https://download.openmmlab.com/mmclassification/v0/efficientnet/efficientnet-b3_3rdparty_8xb32-aa_in1k_20220119-5b4887a0.pth 

backbone.layers.5.1.linear_conv.bn.bias - torch.Size([232]): 
PretrainedInit: load from https://download.openmmlab.com/mmclassification/v0/efficientnet/efficientnet-b3_3rdparty_8xb32-aa_in1k_20220119-5b4887a0.pth 

backbone.layers.5.2.expand_conv.conv.weight - torch.Size([1392, 232, 1, 1]): 
PretrainedInit: load from https://download.openmmlab.com/mmclassification/v0/efficientnet/efficientnet-b3_3rdparty_8xb32-aa_in1k_20220119-5b4887a0.pth 

backbone.layers.5.2.expand_conv.bn.weight - torch.Size([1392]): 
PretrainedInit: load from https://download.openmmlab.com/mmclassification/v0/efficientnet/efficientnet-b3_3rdparty_8xb32-aa_in1k_20220119-5b4887a0.pth 

backbone.layers.5.2.expand_conv.bn.bias - torch.Size([1392]): 
PretrainedInit: load from https://download.openmmlab.com/mmclassification/v0/efficientnet/efficientnet-b3_3rdparty_8xb32-aa_in1k_20220119-5b4887a0.pth 

backbone.layers.5.2.depthwise_conv.conv.weight - torch.Size([1392, 1, 5, 5]): 
PretrainedInit: load from https://download.openmmlab.com/mmclassification/v0/efficientnet/efficientnet-b3_3rdparty_8xb32-aa_in1k_20220119-5b4887a0.pth 

backbone.layers.5.2.depthwise_conv.bn.weight - torch.Size([1392]): 
PretrainedInit: load from https://download.openmmlab.com/mmclassification/v0/efficientnet/efficientnet-b3_3rdparty_8xb32-aa_in1k_20220119-5b4887a0.pth 

backbone.layers.5.2.depthwise_conv.bn.bias - torch.Size([1392]): 
PretrainedInit: load from https://download.openmmlab.com/mmclassification/v0/efficientnet/efficientnet-b3_3rdparty_8xb32-aa_in1k_20220119-5b4887a0.pth 

backbone.layers.5.2.se.conv1.conv.weight - torch.Size([58, 1392, 1, 1]): 
PretrainedInit: load from https://download.openmmlab.com/mmclassification/v0/efficientnet/efficientnet-b3_3rdparty_8xb32-aa_in1k_20220119-5b4887a0.pth 

backbone.layers.5.2.se.conv1.conv.bias - torch.Size([58]): 
PretrainedInit: load from https://download.openmmlab.com/mmclassification/v0/efficientnet/efficientnet-b3_3rdparty_8xb32-aa_in1k_20220119-5b4887a0.pth 

backbone.layers.5.2.se.conv2.conv.weight - torch.Size([1392, 58, 1, 1]): 
PretrainedInit: load from https://download.openmmlab.com/mmclassification/v0/efficientnet/efficientnet-b3_3rdparty_8xb32-aa_in1k_20220119-5b4887a0.pth 

backbone.layers.5.2.se.conv2.conv.bias - torch.Size([1392]): 
PretrainedInit: load from https://download.openmmlab.com/mmclassification/v0/efficientnet/efficientnet-b3_3rdparty_8xb32-aa_in1k_20220119-5b4887a0.pth 

backbone.layers.5.2.linear_conv.conv.weight - torch.Size([232, 1392, 1, 1]): 
PretrainedInit: load from https://download.openmmlab.com/mmclassification/v0/efficientnet/efficientnet-b3_3rdparty_8xb32-aa_in1k_20220119-5b4887a0.pth 

backbone.layers.5.2.linear_conv.bn.weight - torch.Size([232]): 
PretrainedInit: load from https://download.openmmlab.com/mmclassification/v0/efficientnet/efficientnet-b3_3rdparty_8xb32-aa_in1k_20220119-5b4887a0.pth 

backbone.layers.5.2.linear_conv.bn.bias - torch.Size([232]): 
PretrainedInit: load from https://download.openmmlab.com/mmclassification/v0/efficientnet/efficientnet-b3_3rdparty_8xb32-aa_in1k_20220119-5b4887a0.pth 

backbone.layers.5.3.expand_conv.conv.weight - torch.Size([1392, 232, 1, 1]): 
PretrainedInit: load from https://download.openmmlab.com/mmclassification/v0/efficientnet/efficientnet-b3_3rdparty_8xb32-aa_in1k_20220119-5b4887a0.pth 

backbone.layers.5.3.expand_conv.bn.weight - torch.Size([1392]): 
PretrainedInit: load from https://download.openmmlab.com/mmclassification/v0/efficientnet/efficientnet-b3_3rdparty_8xb32-aa_in1k_20220119-5b4887a0.pth 

backbone.layers.5.3.expand_conv.bn.bias - torch.Size([1392]): 
PretrainedInit: load from https://download.openmmlab.com/mmclassification/v0/efficientnet/efficientnet-b3_3rdparty_8xb32-aa_in1k_20220119-5b4887a0.pth 

backbone.layers.5.3.depthwise_conv.conv.weight - torch.Size([1392, 1, 5, 5]): 
PretrainedInit: load from https://download.openmmlab.com/mmclassification/v0/efficientnet/efficientnet-b3_3rdparty_8xb32-aa_in1k_20220119-5b4887a0.pth 

backbone.layers.5.3.depthwise_conv.bn.weight - torch.Size([1392]): 
PretrainedInit: load from https://download.openmmlab.com/mmclassification/v0/efficientnet/efficientnet-b3_3rdparty_8xb32-aa_in1k_20220119-5b4887a0.pth 

backbone.layers.5.3.depthwise_conv.bn.bias - torch.Size([1392]): 
PretrainedInit: load from https://download.openmmlab.com/mmclassification/v0/efficientnet/efficientnet-b3_3rdparty_8xb32-aa_in1k_20220119-5b4887a0.pth 

backbone.layers.5.3.se.conv1.conv.weight - torch.Size([58, 1392, 1, 1]): 
PretrainedInit: load from https://download.openmmlab.com/mmclassification/v0/efficientnet/efficientnet-b3_3rdparty_8xb32-aa_in1k_20220119-5b4887a0.pth 

backbone.layers.5.3.se.conv1.conv.bias - torch.Size([58]): 
PretrainedInit: load from https://download.openmmlab.com/mmclassification/v0/efficientnet/efficientnet-b3_3rdparty_8xb32-aa_in1k_20220119-5b4887a0.pth 

backbone.layers.5.3.se.conv2.conv.weight - torch.Size([1392, 58, 1, 1]): 
PretrainedInit: load from https://download.openmmlab.com/mmclassification/v0/efficientnet/efficientnet-b3_3rdparty_8xb32-aa_in1k_20220119-5b4887a0.pth 

backbone.layers.5.3.se.conv2.conv.bias - torch.Size([1392]): 
PretrainedInit: load from https://download.openmmlab.com/mmclassification/v0/efficientnet/efficientnet-b3_3rdparty_8xb32-aa_in1k_20220119-5b4887a0.pth 

backbone.layers.5.3.linear_conv.conv.weight - torch.Size([232, 1392, 1, 1]): 
PretrainedInit: load from https://download.openmmlab.com/mmclassification/v0/efficientnet/efficientnet-b3_3rdparty_8xb32-aa_in1k_20220119-5b4887a0.pth 

backbone.layers.5.3.linear_conv.bn.weight - torch.Size([232]): 
PretrainedInit: load from https://download.openmmlab.com/mmclassification/v0/efficientnet/efficientnet-b3_3rdparty_8xb32-aa_in1k_20220119-5b4887a0.pth 

backbone.layers.5.3.linear_conv.bn.bias - torch.Size([232]): 
PretrainedInit: load from https://download.openmmlab.com/mmclassification/v0/efficientnet/efficientnet-b3_3rdparty_8xb32-aa_in1k_20220119-5b4887a0.pth 

backbone.layers.5.4.expand_conv.conv.weight - torch.Size([1392, 232, 1, 1]): 
PretrainedInit: load from https://download.openmmlab.com/mmclassification/v0/efficientnet/efficientnet-b3_3rdparty_8xb32-aa_in1k_20220119-5b4887a0.pth 

backbone.layers.5.4.expand_conv.bn.weight - torch.Size([1392]): 
PretrainedInit: load from https://download.openmmlab.com/mmclassification/v0/efficientnet/efficientnet-b3_3rdparty_8xb32-aa_in1k_20220119-5b4887a0.pth 

backbone.layers.5.4.expand_conv.bn.bias - torch.Size([1392]): 
PretrainedInit: load from https://download.openmmlab.com/mmclassification/v0/efficientnet/efficientnet-b3_3rdparty_8xb32-aa_in1k_20220119-5b4887a0.pth 

backbone.layers.5.4.depthwise_conv.conv.weight - torch.Size([1392, 1, 5, 5]): 
PretrainedInit: load from https://download.openmmlab.com/mmclassification/v0/efficientnet/efficientnet-b3_3rdparty_8xb32-aa_in1k_20220119-5b4887a0.pth 

backbone.layers.5.4.depthwise_conv.bn.weight - torch.Size([1392]): 
PretrainedInit: load from https://download.openmmlab.com/mmclassification/v0/efficientnet/efficientnet-b3_3rdparty_8xb32-aa_in1k_20220119-5b4887a0.pth 

backbone.layers.5.4.depthwise_conv.bn.bias - torch.Size([1392]): 
PretrainedInit: load from https://download.openmmlab.com/mmclassification/v0/efficientnet/efficientnet-b3_3rdparty_8xb32-aa_in1k_20220119-5b4887a0.pth 

backbone.layers.5.4.se.conv1.conv.weight - torch.Size([58, 1392, 1, 1]): 
PretrainedInit: load from https://download.openmmlab.com/mmclassification/v0/efficientnet/efficientnet-b3_3rdparty_8xb32-aa_in1k_20220119-5b4887a0.pth 

backbone.layers.5.4.se.conv1.conv.bias - torch.Size([58]): 
PretrainedInit: load from https://download.openmmlab.com/mmclassification/v0/efficientnet/efficientnet-b3_3rdparty_8xb32-aa_in1k_20220119-5b4887a0.pth 

backbone.layers.5.4.se.conv2.conv.weight - torch.Size([1392, 58, 1, 1]): 
PretrainedInit: load from https://download.openmmlab.com/mmclassification/v0/efficientnet/efficientnet-b3_3rdparty_8xb32-aa_in1k_20220119-5b4887a0.pth 

backbone.layers.5.4.se.conv2.conv.bias - torch.Size([1392]): 
PretrainedInit: load from https://download.openmmlab.com/mmclassification/v0/efficientnet/efficientnet-b3_3rdparty_8xb32-aa_in1k_20220119-5b4887a0.pth 

backbone.layers.5.4.linear_conv.conv.weight - torch.Size([232, 1392, 1, 1]): 
PretrainedInit: load from https://download.openmmlab.com/mmclassification/v0/efficientnet/efficientnet-b3_3rdparty_8xb32-aa_in1k_20220119-5b4887a0.pth 

backbone.layers.5.4.linear_conv.bn.weight - torch.Size([232]): 
PretrainedInit: load from https://download.openmmlab.com/mmclassification/v0/efficientnet/efficientnet-b3_3rdparty_8xb32-aa_in1k_20220119-5b4887a0.pth 

backbone.layers.5.4.linear_conv.bn.bias - torch.Size([232]): 
PretrainedInit: load from https://download.openmmlab.com/mmclassification/v0/efficientnet/efficientnet-b3_3rdparty_8xb32-aa_in1k_20220119-5b4887a0.pth 

backbone.layers.5.5.expand_conv.conv.weight - torch.Size([1392, 232, 1, 1]): 
PretrainedInit: load from https://download.openmmlab.com/mmclassification/v0/efficientnet/efficientnet-b3_3rdparty_8xb32-aa_in1k_20220119-5b4887a0.pth 

backbone.layers.5.5.expand_conv.bn.weight - torch.Size([1392]): 
PretrainedInit: load from https://download.openmmlab.com/mmclassification/v0/efficientnet/efficientnet-b3_3rdparty_8xb32-aa_in1k_20220119-5b4887a0.pth 

backbone.layers.5.5.expand_conv.bn.bias - torch.Size([1392]): 
PretrainedInit: load from https://download.openmmlab.com/mmclassification/v0/efficientnet/efficientnet-b3_3rdparty_8xb32-aa_in1k_20220119-5b4887a0.pth 

backbone.layers.5.5.depthwise_conv.conv.weight - torch.Size([1392, 1, 5, 5]): 
PretrainedInit: load from https://download.openmmlab.com/mmclassification/v0/efficientnet/efficientnet-b3_3rdparty_8xb32-aa_in1k_20220119-5b4887a0.pth 

backbone.layers.5.5.depthwise_conv.bn.weight - torch.Size([1392]): 
PretrainedInit: load from https://download.openmmlab.com/mmclassification/v0/efficientnet/efficientnet-b3_3rdparty_8xb32-aa_in1k_20220119-5b4887a0.pth 

backbone.layers.5.5.depthwise_conv.bn.bias - torch.Size([1392]): 
PretrainedInit: load from https://download.openmmlab.com/mmclassification/v0/efficientnet/efficientnet-b3_3rdparty_8xb32-aa_in1k_20220119-5b4887a0.pth 

backbone.layers.5.5.se.conv1.conv.weight - torch.Size([58, 1392, 1, 1]): 
PretrainedInit: load from https://download.openmmlab.com/mmclassification/v0/efficientnet/efficientnet-b3_3rdparty_8xb32-aa_in1k_20220119-5b4887a0.pth 

backbone.layers.5.5.se.conv1.conv.bias - torch.Size([58]): 
PretrainedInit: load from https://download.openmmlab.com/mmclassification/v0/efficientnet/efficientnet-b3_3rdparty_8xb32-aa_in1k_20220119-5b4887a0.pth 

backbone.layers.5.5.se.conv2.conv.weight - torch.Size([1392, 58, 1, 1]): 
PretrainedInit: load from https://download.openmmlab.com/mmclassification/v0/efficientnet/efficientnet-b3_3rdparty_8xb32-aa_in1k_20220119-5b4887a0.pth 

backbone.layers.5.5.se.conv2.conv.bias - torch.Size([1392]): 
PretrainedInit: load from https://download.openmmlab.com/mmclassification/v0/efficientnet/efficientnet-b3_3rdparty_8xb32-aa_in1k_20220119-5b4887a0.pth 

backbone.layers.5.5.linear_conv.conv.weight - torch.Size([232, 1392, 1, 1]): 
PretrainedInit: load from https://download.openmmlab.com/mmclassification/v0/efficientnet/efficientnet-b3_3rdparty_8xb32-aa_in1k_20220119-5b4887a0.pth 

backbone.layers.5.5.linear_conv.bn.weight - torch.Size([232]): 
PretrainedInit: load from https://download.openmmlab.com/mmclassification/v0/efficientnet/efficientnet-b3_3rdparty_8xb32-aa_in1k_20220119-5b4887a0.pth 

backbone.layers.5.5.linear_conv.bn.bias - torch.Size([232]): 
PretrainedInit: load from https://download.openmmlab.com/mmclassification/v0/efficientnet/efficientnet-b3_3rdparty_8xb32-aa_in1k_20220119-5b4887a0.pth 

backbone.layers.5.6.expand_conv.conv.weight - torch.Size([1392, 232, 1, 1]): 
PretrainedInit: load from https://download.openmmlab.com/mmclassification/v0/efficientnet/efficientnet-b3_3rdparty_8xb32-aa_in1k_20220119-5b4887a0.pth 

backbone.layers.5.6.expand_conv.bn.weight - torch.Size([1392]): 
PretrainedInit: load from https://download.openmmlab.com/mmclassification/v0/efficientnet/efficientnet-b3_3rdparty_8xb32-aa_in1k_20220119-5b4887a0.pth 

backbone.layers.5.6.expand_conv.bn.bias - torch.Size([1392]): 
PretrainedInit: load from https://download.openmmlab.com/mmclassification/v0/efficientnet/efficientnet-b3_3rdparty_8xb32-aa_in1k_20220119-5b4887a0.pth 

backbone.layers.5.6.depthwise_conv.conv.weight - torch.Size([1392, 1, 3, 3]): 
PretrainedInit: load from https://download.openmmlab.com/mmclassification/v0/efficientnet/efficientnet-b3_3rdparty_8xb32-aa_in1k_20220119-5b4887a0.pth 

backbone.layers.5.6.depthwise_conv.bn.weight - torch.Size([1392]): 
PretrainedInit: load from https://download.openmmlab.com/mmclassification/v0/efficientnet/efficientnet-b3_3rdparty_8xb32-aa_in1k_20220119-5b4887a0.pth 

backbone.layers.5.6.depthwise_conv.bn.bias - torch.Size([1392]): 
PretrainedInit: load from https://download.openmmlab.com/mmclassification/v0/efficientnet/efficientnet-b3_3rdparty_8xb32-aa_in1k_20220119-5b4887a0.pth 

backbone.layers.5.6.se.conv1.conv.weight - torch.Size([58, 1392, 1, 1]): 
PretrainedInit: load from https://download.openmmlab.com/mmclassification/v0/efficientnet/efficientnet-b3_3rdparty_8xb32-aa_in1k_20220119-5b4887a0.pth 

backbone.layers.5.6.se.conv1.conv.bias - torch.Size([58]): 
PretrainedInit: load from https://download.openmmlab.com/mmclassification/v0/efficientnet/efficientnet-b3_3rdparty_8xb32-aa_in1k_20220119-5b4887a0.pth 

backbone.layers.5.6.se.conv2.conv.weight - torch.Size([1392, 58, 1, 1]): 
PretrainedInit: load from https://download.openmmlab.com/mmclassification/v0/efficientnet/efficientnet-b3_3rdparty_8xb32-aa_in1k_20220119-5b4887a0.pth 

backbone.layers.5.6.se.conv2.conv.bias - torch.Size([1392]): 
PretrainedInit: load from https://download.openmmlab.com/mmclassification/v0/efficientnet/efficientnet-b3_3rdparty_8xb32-aa_in1k_20220119-5b4887a0.pth 

backbone.layers.5.6.linear_conv.conv.weight - torch.Size([384, 1392, 1, 1]): 
PretrainedInit: load from https://download.openmmlab.com/mmclassification/v0/efficientnet/efficientnet-b3_3rdparty_8xb32-aa_in1k_20220119-5b4887a0.pth 

backbone.layers.5.6.linear_conv.bn.weight - torch.Size([384]): 
PretrainedInit: load from https://download.openmmlab.com/mmclassification/v0/efficientnet/efficientnet-b3_3rdparty_8xb32-aa_in1k_20220119-5b4887a0.pth 

backbone.layers.5.6.linear_conv.bn.bias - torch.Size([384]): 
PretrainedInit: load from https://download.openmmlab.com/mmclassification/v0/efficientnet/efficientnet-b3_3rdparty_8xb32-aa_in1k_20220119-5b4887a0.pth 

backbone.layers.5.7.expand_conv.conv.weight - torch.Size([2304, 384, 1, 1]): 
PretrainedInit: load from https://download.openmmlab.com/mmclassification/v0/efficientnet/efficientnet-b3_3rdparty_8xb32-aa_in1k_20220119-5b4887a0.pth 

backbone.layers.5.7.expand_conv.bn.weight - torch.Size([2304]): 
PretrainedInit: load from https://download.openmmlab.com/mmclassification/v0/efficientnet/efficientnet-b3_3rdparty_8xb32-aa_in1k_20220119-5b4887a0.pth 

backbone.layers.5.7.expand_conv.bn.bias - torch.Size([2304]): 
PretrainedInit: load from https://download.openmmlab.com/mmclassification/v0/efficientnet/efficientnet-b3_3rdparty_8xb32-aa_in1k_20220119-5b4887a0.pth 

backbone.layers.5.7.depthwise_conv.conv.weight - torch.Size([2304, 1, 3, 3]): 
PretrainedInit: load from https://download.openmmlab.com/mmclassification/v0/efficientnet/efficientnet-b3_3rdparty_8xb32-aa_in1k_20220119-5b4887a0.pth 

backbone.layers.5.7.depthwise_conv.bn.weight - torch.Size([2304]): 
PretrainedInit: load from https://download.openmmlab.com/mmclassification/v0/efficientnet/efficientnet-b3_3rdparty_8xb32-aa_in1k_20220119-5b4887a0.pth 

backbone.layers.5.7.depthwise_conv.bn.bias - torch.Size([2304]): 
PretrainedInit: load from https://download.openmmlab.com/mmclassification/v0/efficientnet/efficientnet-b3_3rdparty_8xb32-aa_in1k_20220119-5b4887a0.pth 

backbone.layers.5.7.se.conv1.conv.weight - torch.Size([96, 2304, 1, 1]): 
PretrainedInit: load from https://download.openmmlab.com/mmclassification/v0/efficientnet/efficientnet-b3_3rdparty_8xb32-aa_in1k_20220119-5b4887a0.pth 

backbone.layers.5.7.se.conv1.conv.bias - torch.Size([96]): 
PretrainedInit: load from https://download.openmmlab.com/mmclassification/v0/efficientnet/efficientnet-b3_3rdparty_8xb32-aa_in1k_20220119-5b4887a0.pth 

backbone.layers.5.7.se.conv2.conv.weight - torch.Size([2304, 96, 1, 1]): 
PretrainedInit: load from https://download.openmmlab.com/mmclassification/v0/efficientnet/efficientnet-b3_3rdparty_8xb32-aa_in1k_20220119-5b4887a0.pth 

backbone.layers.5.7.se.conv2.conv.bias - torch.Size([2304]): 
PretrainedInit: load from https://download.openmmlab.com/mmclassification/v0/efficientnet/efficientnet-b3_3rdparty_8xb32-aa_in1k_20220119-5b4887a0.pth 

backbone.layers.5.7.linear_conv.conv.weight - torch.Size([384, 2304, 1, 1]): 
PretrainedInit: load from https://download.openmmlab.com/mmclassification/v0/efficientnet/efficientnet-b3_3rdparty_8xb32-aa_in1k_20220119-5b4887a0.pth 

backbone.layers.5.7.linear_conv.bn.weight - torch.Size([384]): 
PretrainedInit: load from https://download.openmmlab.com/mmclassification/v0/efficientnet/efficientnet-b3_3rdparty_8xb32-aa_in1k_20220119-5b4887a0.pth 

backbone.layers.5.7.linear_conv.bn.bias - torch.Size([384]): 
PretrainedInit: load from https://download.openmmlab.com/mmclassification/v0/efficientnet/efficientnet-b3_3rdparty_8xb32-aa_in1k_20220119-5b4887a0.pth 

backbone.layers.6.conv.weight - torch.Size([1536, 384, 1, 1]): 
PretrainedInit: load from https://download.openmmlab.com/mmclassification/v0/efficientnet/efficientnet-b3_3rdparty_8xb32-aa_in1k_20220119-5b4887a0.pth 

backbone.layers.6.bn.weight - torch.Size([1536]): 
PretrainedInit: load from https://download.openmmlab.com/mmclassification/v0/efficientnet/efficientnet-b3_3rdparty_8xb32-aa_in1k_20220119-5b4887a0.pth 

backbone.layers.6.bn.bias - torch.Size([1536]): 
PretrainedInit: load from https://download.openmmlab.com/mmclassification/v0/efficientnet/efficientnet-b3_3rdparty_8xb32-aa_in1k_20220119-5b4887a0.pth 

neck.lateral_convs.0.conv.weight - torch.Size([256, 48, 1, 1]): 
XavierInit: gain=1, distribution=uniform, bias=0 

neck.lateral_convs.0.conv.bias - torch.Size([256]): 
The value is the same before and after calling `init_weights` of EncoderDecoder  

neck.lateral_convs.1.conv.weight - torch.Size([256, 136, 1, 1]): 
XavierInit: gain=1, distribution=uniform, bias=0 

neck.lateral_convs.1.conv.bias - torch.Size([256]): 
The value is the same before and after calling `init_weights` of EncoderDecoder  

neck.lateral_convs.2.conv.weight - torch.Size([256, 384, 1, 1]): 
XavierInit: gain=1, distribution=uniform, bias=0 

neck.lateral_convs.2.conv.bias - torch.Size([256]): 
The value is the same before and after calling `init_weights` of EncoderDecoder  

neck.fpn_convs.0.conv.weight - torch.Size([256, 256, 3, 3]): 
XavierInit: gain=1, distribution=uniform, bias=0 

neck.fpn_convs.0.conv.bias - torch.Size([256]): 
The value is the same before and after calling `init_weights` of EncoderDecoder  

neck.fpn_convs.1.conv.weight - torch.Size([256, 256, 3, 3]): 
XavierInit: gain=1, distribution=uniform, bias=0 

neck.fpn_convs.1.conv.bias - torch.Size([256]): 
The value is the same before and after calling `init_weights` of EncoderDecoder  

neck.fpn_convs.2.conv.weight - torch.Size([256, 256, 3, 3]): 
XavierInit: gain=1, distribution=uniform, bias=0 

neck.fpn_convs.2.conv.bias - torch.Size([256]): 
The value is the same before and after calling `init_weights` of EncoderDecoder  

decode_head.conv_seg.weight - torch.Size([2, 128, 1, 1]): 
NormalInit: mean=0, std=0.01, bias=0 

decode_head.conv_seg.bias - torch.Size([2]): 
NormalInit: mean=0, std=0.01, bias=0 

decode_head.scale_heads.0.0.conv.weight - torch.Size([128, 256, 3, 3]): 
The value is the same before and after calling `init_weights` of EncoderDecoder  

decode_head.scale_heads.0.0.bn.weight - torch.Size([128]): 
The value is the same before and after calling `init_weights` of EncoderDecoder  

decode_head.scale_heads.0.0.bn.bias - torch.Size([128]): 
The value is the same before and after calling `init_weights` of EncoderDecoder  

decode_head.scale_heads.1.0.conv.weight - torch.Size([128, 256, 3, 3]): 
The value is the same before and after calling `init_weights` of EncoderDecoder  

decode_head.scale_heads.1.0.bn.weight - torch.Size([128]): 
The value is the same before and after calling `init_weights` of EncoderDecoder  

decode_head.scale_heads.1.0.bn.bias - torch.Size([128]): 
The value is the same before and after calling `init_weights` of EncoderDecoder  

decode_head.scale_heads.2.0.conv.weight - torch.Size([128, 256, 3, 3]): 
The value is the same before and after calling `init_weights` of EncoderDecoder  

decode_head.scale_heads.2.0.bn.weight - torch.Size([128]): 
The value is the same before and after calling `init_weights` of EncoderDecoder  

decode_head.scale_heads.2.0.bn.bias - torch.Size([128]): 
The value is the same before and after calling `init_weights` of EncoderDecoder  

decode_head.scale_heads.2.2.conv.weight - torch.Size([128, 128, 3, 3]): 
The value is the same before and after calling `init_weights` of EncoderDecoder  

decode_head.scale_heads.2.2.bn.weight - torch.Size([128]): 
The value is the same before and after calling `init_weights` of EncoderDecoder  

decode_head.scale_heads.2.2.bn.bias - torch.Size([128]): 
The value is the same before and after calling `init_weights` of EncoderDecoder  
2025/03/09 13:58:37 - mmengine - WARNING - "FileClient" will be deprecated in future. Please use io functions in https://mmengine.readthedocs.io/en/latest/api/fileio.html#file-io
2025/03/09 13:58:37 - mmengine - WARNING - "HardDiskBackend" is the alias of "LocalBackend" and the former will be deprecated in future.
2025/03/09 13:58:37 - mmengine - INFO - Checkpoints will be saved to G:\experiments\mmsegmentation\work_dirs\efficientefficient.
