2025/03/18 10:35:42 - mmengine - INFO - 
------------------------------------------------------------
System environment:
    sys.platform: win32
    Python: 3.8.20 (default, Oct  3 2024, 15:19:54) [MSC v.1929 64 bit (AMD64)]
    CUDA available: True
    MUSA available: False
    numpy_random_seed: 1433103740
    GPU 0: NVIDIA RTX A5000
    CUDA_HOME: C:\Program Files\NVIDIA GPU Computing Toolkit\CUDA\v11.3
    NVCC: Cuda compilation tools, release 11.3, V11.3.58
    MSVC: Microsoft (R) C/C++ Optimizing Compiler Version 19.29.30158 for x64
    GCC: n/a
    PyTorch: 1.10.0
    PyTorch compiling details: PyTorch built with:
  - C++ Version: 199711
  - MSVC 192829337
  - Intel(R) Math Kernel Library Version 2020.0.2 Product Build 20200624 for Intel(R) 64 architecture applications
  - Intel(R) MKL-DNN v2.2.3 (Git Hash 7336ca9f055cf1bfa13efb658fe15dc9b41f0740)
  - OpenMP 2019
  - LAPACK is enabled (usually provided by MKL)
  - CPU capability usage: AVX2
  - CUDA Runtime 11.3
  - NVCC architecture flags: -gencode;arch=compute_37,code=sm_37;-gencode;arch=compute_50,code=sm_50;-gencode;arch=compute_60,code=sm_60;-gencode;arch=compute_61,code=sm_61;-gencode;arch=compute_70,code=sm_70;-gencode;arch=compute_75,code=sm_75;-gencode;arch=compute_80,code=sm_80;-gencode;arch=compute_86,code=sm_86;-gencode;arch=compute_37,code=compute_37
  - CuDNN 8.2
  - Magma 2.5.4
  - Build settings: BLAS_INFO=mkl, BUILD_TYPE=Release, CUDA_VERSION=11.3, CUDNN_VERSION=8.2.0, CXX_COMPILER=C:/cb/pytorch_1000000000000/work/tmp_bin/sccache-cl.exe, CXX_FLAGS=/DWIN32 /D_WINDOWS /GR /EHsc /w /bigobj -DUSE_PTHREADPOOL -openmp:experimental -IC:/cb/pytorch_1000000000000/work/mkl/include -DNDEBUG -DUSE_KINETO -DLIBKINETO_NOCUPTI -DUSE_FBGEMM -DUSE_XNNPACK -DSYMBOLICATE_MOBILE_DEBUG_HANDLE -DEDGE_PROFILER_USE_KINETO, LAPACK_INFO=mkl, PERF_WITH_AVX=1, PERF_WITH_AVX2=1, PERF_WITH_AVX512=1, TORCH_VERSION=1.10.0, USE_CUDA=ON, USE_CUDNN=ON, USE_EXCEPTION_PTR=1, USE_GFLAGS=OFF, USE_GLOG=OFF, USE_MKL=ON, USE_MKLDNN=ON, USE_MPI=OFF, USE_NCCL=OFF, USE_NNPACK=OFF, USE_OPENMP=ON, 

    TorchVision: 0.11.0
    OpenCV: 4.11.0
    MMEngine: 0.10.6

Runtime environment:
    cudnn_benchmark: True
    mp_cfg: {'mp_start_method': 'fork', 'opencv_num_threads': 0}
    dist_cfg: {'backend': 'nccl'}
    seed: 1433103740
    Distributed launcher: none
    Distributed training: False
    GPU number: 1
------------------------------------------------------------

2025/03/18 10:35:42 - mmengine - INFO - Config:
auto_scale_lr = dict(base_batch_size=2, enable=False)
backbone_embed_multi = dict(decay_mult=0.0, lr_mult=0.1)
backbone_norm_multi = dict(decay_mult=0.0, lr_mult=0.1)
crop_size = (
    1024,
    1024,
)
custom_imports = dict(allow_failed_imports=False, imports='mmdet.models')
custom_keys = dict({
    'absolute_pos_embed':
    dict(decay_mult=0.0, lr_mult=0.1),
    'backbone':
    dict(decay_mult=1.0, lr_mult=0.1),
    'backbone.norm':
    dict(decay_mult=0.0, lr_mult=0.1),
    'backbone.patch_embed.norm':
    dict(decay_mult=0.0, lr_mult=0.1),
    'backbone.stages.0.blocks.0.norm':
    dict(decay_mult=0.0, lr_mult=0.1),
    'backbone.stages.0.blocks.1.norm':
    dict(decay_mult=0.0, lr_mult=0.1),
    'backbone.stages.0.downsample.norm':
    dict(decay_mult=0.0, lr_mult=0.1),
    'backbone.stages.1.blocks.0.norm':
    dict(decay_mult=0.0, lr_mult=0.1),
    'backbone.stages.1.blocks.1.norm':
    dict(decay_mult=0.0, lr_mult=0.1),
    'backbone.stages.1.downsample.norm':
    dict(decay_mult=0.0, lr_mult=0.1),
    'backbone.stages.2.blocks.0.norm':
    dict(decay_mult=0.0, lr_mult=0.1),
    'backbone.stages.2.blocks.1.norm':
    dict(decay_mult=0.0, lr_mult=0.1),
    'backbone.stages.2.blocks.2.norm':
    dict(decay_mult=0.0, lr_mult=0.1),
    'backbone.stages.2.blocks.3.norm':
    dict(decay_mult=0.0, lr_mult=0.1),
    'backbone.stages.2.blocks.4.norm':
    dict(decay_mult=0.0, lr_mult=0.1),
    'backbone.stages.2.blocks.5.norm':
    dict(decay_mult=0.0, lr_mult=0.1),
    'backbone.stages.2.downsample.norm':
    dict(decay_mult=0.0, lr_mult=0.1),
    'backbone.stages.3.blocks.0.norm':
    dict(decay_mult=0.0, lr_mult=0.1),
    'backbone.stages.3.blocks.1.norm':
    dict(decay_mult=0.0, lr_mult=0.1),
    'level_embed':
    dict(decay_mult=0.0, lr_mult=1.0),
    'query_embed':
    dict(decay_mult=0.0, lr_mult=1.0),
    'query_feat':
    dict(decay_mult=0.0, lr_mult=1.0),
    'relative_position_bias_table':
    dict(decay_mult=0.0, lr_mult=0.1)
})
data_preprocessor = dict(
    bgr_to_rgb=True,
    mean=[
        123.675,
        116.28,
        103.53,
    ],
    pad_val=0,
    seg_pad_val=255,
    size=(
        1024,
        1024,
    ),
    std=[
        58.395,
        57.12,
        57.375,
    ],
    test_cfg=dict(size_divisor=32),
    type='SegDataPreProcessor')
data_root = 'C:\\ghaf'
dataset_type = 'ADE20KDataset'
default_hooks = dict(
    checkpoint=dict(
        by_epoch=False, interval=3500, save_best='mIoU',
        type='CheckpointHook'),
    logger=dict(interval=50, log_metric_by_epoch=False, type='LoggerHook'),
    param_scheduler=dict(type='ParamSchedulerHook'),
    sampler_seed=dict(type='DistSamplerSeedHook'),
    timer=dict(type='IterTimerHook'),
    visualization=dict(type='SegVisualizationHook'))
default_scope = 'mmseg'
depths = [
    2,
    2,
    6,
    2,
]
embed_multi = dict(decay_mult=0.0, lr_mult=1.0)
env_cfg = dict(
    cudnn_benchmark=True,
    dist_cfg=dict(backend='nccl'),
    mp_cfg=dict(mp_start_method='fork', opencv_num_threads=0))
img_ratios = [
    0.5,
    0.75,
    1.0,
    1.25,
    1.5,
    1.75,
]
launcher = 'none'
load_from = 'G:\\experiments\\mmsegmentation\\work_dirs\\mask2former_swin-t_8xb2-160k_ade20k-512x512fast_all_data\\best_mIoU_iter_3500.pth'
log_level = 'INFO'
log_processor = dict(by_epoch=False)
model = dict(
    backbone=dict(
        resume=
        'https://docs-assets.developer.apple.com/ml-research/models/fastvit/image_classification_distilled_models/fastvit_ma36.pth.tar',
        type='fastvit_small'),
    data_preprocessor=dict(
        bgr_to_rgb=True,
        mean=[
            123.675,
            116.28,
            103.53,
        ],
        pad_val=0,
        seg_pad_val=255,
        size=(
            1024,
            1024,
        ),
        std=[
            58.395,
            57.12,
            57.375,
        ],
        test_cfg=dict(size_divisor=32),
        type='SegDataPreProcessor'),
    decode_head=dict(
        align_corners=False,
        enforce_decoder_input_project=False,
        feat_channels=256,
        in_channels=[
            76,
            152,
            304,
            608,
        ],
        loss_cls=dict(
            class_weight=[
                1.0,
                1.0,
                0.1,
            ],
            loss_weight=2.0,
            reduction='mean',
            type='mmdet.CrossEntropyLoss',
            use_sigmoid=False),
        loss_dice=dict(
            activate=True,
            eps=1.0,
            loss_weight=5.0,
            naive_dice=True,
            reduction='mean',
            type='mmdet.DiceLoss',
            use_sigmoid=True),
        loss_mask=dict(
            loss_weight=5.0,
            reduction='mean',
            type='mmdet.CrossEntropyLoss',
            use_sigmoid=True),
        num_classes=2,
        num_queries=100,
        num_transformer_feat_level=3,
        out_channels=256,
        pixel_decoder=dict(
            act_cfg=dict(type='ReLU'),
            encoder=dict(
                init_cfg=None,
                layer_cfg=dict(
                    ffn_cfg=dict(
                        act_cfg=dict(inplace=True, type='ReLU'),
                        embed_dims=256,
                        feedforward_channels=1024,
                        ffn_drop=0.0,
                        num_fcs=2),
                    self_attn_cfg=dict(
                        batch_first=True,
                        dropout=0.0,
                        embed_dims=256,
                        im2col_step=64,
                        init_cfg=None,
                        norm_cfg=None,
                        num_heads=8,
                        num_levels=3,
                        num_points=4)),
                num_layers=6),
            init_cfg=None,
            norm_cfg=dict(num_groups=32, type='GN'),
            num_outs=3,
            positional_encoding=dict(normalize=True, num_feats=128),
            type='mmdet.MSDeformAttnPixelDecoder'),
        positional_encoding=dict(normalize=True, num_feats=128),
        strides=[
            4,
            8,
            16,
            32,
        ],
        train_cfg=dict(
            assigner=dict(
                match_costs=[
                    dict(type='mmdet.ClassificationCost', weight=2.0),
                    dict(
                        type='mmdet.CrossEntropyLossCost',
                        use_sigmoid=True,
                        weight=5.0),
                    dict(
                        eps=1.0,
                        pred_act=True,
                        type='mmdet.DiceCost',
                        weight=5.0),
                ],
                type='mmdet.HungarianAssigner'),
            importance_sample_ratio=0.75,
            num_points=12544,
            oversample_ratio=3.0,
            sampler=dict(type='mmdet.MaskPseudoSampler')),
        transformer_decoder=dict(
            init_cfg=None,
            layer_cfg=dict(
                cross_attn_cfg=dict(
                    attn_drop=0.0,
                    batch_first=True,
                    dropout_layer=None,
                    embed_dims=256,
                    num_heads=8,
                    proj_drop=0.0),
                ffn_cfg=dict(
                    act_cfg=dict(inplace=True, type='ReLU'),
                    add_identity=True,
                    dropout_layer=None,
                    embed_dims=256,
                    feedforward_channels=2048,
                    ffn_drop=0.0,
                    num_fcs=2),
                self_attn_cfg=dict(
                    attn_drop=0.0,
                    batch_first=True,
                    dropout_layer=None,
                    embed_dims=256,
                    num_heads=8,
                    proj_drop=0.0)),
            num_layers=9,
            return_intermediate=True),
        type='Mask2FormerHead'),
    test_cfg=dict(mode='whole'),
    train_cfg=dict(),
    type='EncoderDecoder')
num_classes = 2
optim_wrapper = dict(
    clip_grad=dict(max_norm=0.01, norm_type=2),
    optimizer=dict(
        betas=(
            0.9,
            0.999,
        ),
        eps=1e-08,
        lr=0.0001,
        type='AdamW',
        weight_decay=0.05),
    paramwise_cfg=dict(
        custom_keys=dict({
            'absolute_pos_embed':
            dict(decay_mult=0.0, lr_mult=0.1),
            'backbone':
            dict(decay_mult=1.0, lr_mult=0.1),
            'backbone.norm':
            dict(decay_mult=0.0, lr_mult=0.1),
            'backbone.patch_embed.norm':
            dict(decay_mult=0.0, lr_mult=0.1),
            'backbone.stages.0.blocks.0.norm':
            dict(decay_mult=0.0, lr_mult=0.1),
            'backbone.stages.0.blocks.1.norm':
            dict(decay_mult=0.0, lr_mult=0.1),
            'backbone.stages.0.downsample.norm':
            dict(decay_mult=0.0, lr_mult=0.1),
            'backbone.stages.1.blocks.0.norm':
            dict(decay_mult=0.0, lr_mult=0.1),
            'backbone.stages.1.blocks.1.norm':
            dict(decay_mult=0.0, lr_mult=0.1),
            'backbone.stages.1.downsample.norm':
            dict(decay_mult=0.0, lr_mult=0.1),
            'backbone.stages.2.blocks.0.norm':
            dict(decay_mult=0.0, lr_mult=0.1),
            'backbone.stages.2.blocks.1.norm':
            dict(decay_mult=0.0, lr_mult=0.1),
            'backbone.stages.2.blocks.2.norm':
            dict(decay_mult=0.0, lr_mult=0.1),
            'backbone.stages.2.blocks.3.norm':
            dict(decay_mult=0.0, lr_mult=0.1),
            'backbone.stages.2.blocks.4.norm':
            dict(decay_mult=0.0, lr_mult=0.1),
            'backbone.stages.2.blocks.5.norm':
            dict(decay_mult=0.0, lr_mult=0.1),
            'backbone.stages.2.downsample.norm':
            dict(decay_mult=0.0, lr_mult=0.1),
            'backbone.stages.3.blocks.0.norm':
            dict(decay_mult=0.0, lr_mult=0.1),
            'backbone.stages.3.blocks.1.norm':
            dict(decay_mult=0.0, lr_mult=0.1),
            'level_embed':
            dict(decay_mult=0.0, lr_mult=1.0),
            'query_embed':
            dict(decay_mult=0.0, lr_mult=1.0),
            'query_feat':
            dict(decay_mult=0.0, lr_mult=1.0),
            'relative_position_bias_table':
            dict(decay_mult=0.0, lr_mult=0.1)
        }),
        norm_decay_mult=0.0),
    type='OptimWrapper')
optimizer = dict(
    betas=(
        0.9,
        0.999,
    ),
    eps=1e-08,
    lr=0.0001,
    type='AdamW',
    weight_decay=0.05)
param_scheduler = [
    dict(
        begin=0,
        by_epoch=False,
        end=160000,
        eta_min=0,
        power=0.9,
        type='PolyLR'),
]
pretrained = 'https://docs-assets.developer.apple.com/ml-research/models/fastvit/image_classification_distilled_models/fastvit_ma36.pth.tar'
resume = False
test_cfg = dict(type='TestLoop')
test_dataloader = dict(
    batch_size=1,
    dataset=dict(
        data_prefix=dict(
            img_path='testing/ghaf26/images',
            seg_map_path='testing/ghaf26/masks'),
        data_root='C:\\ghaf',
        pipeline=[
            dict(type='LoadImageFromFile'),
            dict(reduce_zero_label=False, type='LoadAnnotations'),
            dict(type='PackSegInputs'),
        ],
        type='ADE20KDataset'),
    num_workers=2,
    persistent_workers=True,
    sampler=dict(shuffle=False, type='DefaultSampler'))
test_evaluator = dict(
    iou_metrics=[
        'mIoU',
        'mFscore',
    ], type='IoUMetric')
test_pipeline = [
    dict(type='LoadImageFromFile'),
    dict(reduce_zero_label=False, type='LoadAnnotations'),
    dict(type='PackSegInputs'),
]
train_cfg = dict(
    max_iters=160000, type='IterBasedTrainLoop', val_interval=3500)
train_dataloader = dict(
    batch_size=2,
    dataset=dict(
        data_prefix=dict(
            img_path='training/images', seg_map_path='training/masks'),
        data_root='C:\\ghaf',
        pipeline=[
            dict(type='LoadImageFromFile'),
            dict(reduce_zero_label=False, type='LoadAnnotations'),
            dict(prob=0.5, type='RandomFlip'),
            dict(type='PackSegInputs'),
        ],
        type='ADE20KDataset'),
    num_workers=2,
    persistent_workers=True,
    sampler=dict(shuffle=True, type='InfiniteSampler'))
train_pipeline = [
    dict(type='LoadImageFromFile'),
    dict(reduce_zero_label=False, type='LoadAnnotations'),
    dict(prob=0.5, type='RandomFlip'),
    dict(type='PackSegInputs'),
]
tta_model = dict(type='SegTTAModel')
val_cfg = dict(type='ValLoop')
val_dataloader = dict(
    batch_size=1,
    dataset=dict(
        data_prefix=dict(
            img_path='testing/ghaf26/images',
            seg_map_path='testing/ghaf26/masks'),
        data_root='C:\\ghaf',
        pipeline=[
            dict(type='LoadImageFromFile'),
            dict(reduce_zero_label=False, type='LoadAnnotations'),
            dict(type='PackSegInputs'),
        ],
        type='ADE20KDataset'),
    num_workers=2,
    persistent_workers=True,
    sampler=dict(shuffle=False, type='DefaultSampler'))
val_evaluator = dict(
    iou_metrics=[
        'mIoU',
        'mFscore',
    ], type='IoUMetric')
vis_backends = [
    dict(type='LocalVisBackend'),
]
visualizer = dict(
    name='visualizer',
    type='SegLocalVisualizer',
    vis_backends=[
        dict(type='LocalVisBackend'),
    ])
work_dir = './work_dirs\\mask2former_swin-t_8xb2-160k_ade20k-512x512'

2025/03/18 10:35:44 - mmengine - INFO - Distributed training is not used, all SyncBatchNorm (SyncBN) layers in the model will be automatically reverted to BatchNormXd layers if they are used.
2025/03/18 10:35:44 - mmengine - INFO - Hooks will be executed in the following order:
before_run:
(VERY_HIGH   ) RuntimeInfoHook                    
(BELOW_NORMAL) LoggerHook                         
 -------------------- 
before_train:
(VERY_HIGH   ) RuntimeInfoHook                    
(NORMAL      ) IterTimerHook                      
(VERY_LOW    ) CheckpointHook                     
 -------------------- 
before_train_epoch:
(VERY_HIGH   ) RuntimeInfoHook                    
(NORMAL      ) IterTimerHook                      
(NORMAL      ) DistSamplerSeedHook                
 -------------------- 
before_train_iter:
(VERY_HIGH   ) RuntimeInfoHook                    
(NORMAL      ) IterTimerHook                      
 -------------------- 
after_train_iter:
(VERY_HIGH   ) RuntimeInfoHook                    
(NORMAL      ) IterTimerHook                      
(BELOW_NORMAL) LoggerHook                         
(LOW         ) ParamSchedulerHook                 
(VERY_LOW    ) CheckpointHook                     
 -------------------- 
after_train_epoch:
(NORMAL      ) IterTimerHook                      
(LOW         ) ParamSchedulerHook                 
(VERY_LOW    ) CheckpointHook                     
 -------------------- 
before_val:
(VERY_HIGH   ) RuntimeInfoHook                    
 -------------------- 
before_val_epoch:
(NORMAL      ) IterTimerHook                      
 -------------------- 
before_val_iter:
(NORMAL      ) IterTimerHook                      
 -------------------- 
after_val_iter:
(NORMAL      ) IterTimerHook                      
(NORMAL      ) SegVisualizationHook               
(BELOW_NORMAL) LoggerHook                         
 -------------------- 
after_val_epoch:
(VERY_HIGH   ) RuntimeInfoHook                    
(NORMAL      ) IterTimerHook                      
(BELOW_NORMAL) LoggerHook                         
(LOW         ) ParamSchedulerHook                 
(VERY_LOW    ) CheckpointHook                     
 -------------------- 
after_val:
(VERY_HIGH   ) RuntimeInfoHook                    
 -------------------- 
after_train:
(VERY_HIGH   ) RuntimeInfoHook                    
(VERY_LOW    ) CheckpointHook                     
 -------------------- 
before_test:
(VERY_HIGH   ) RuntimeInfoHook                    
 -------------------- 
before_test_epoch:
(NORMAL      ) IterTimerHook                      
 -------------------- 
before_test_iter:
(NORMAL      ) IterTimerHook                      
 -------------------- 
after_test_iter:
(NORMAL      ) IterTimerHook                      
(NORMAL      ) SegVisualizationHook               
(BELOW_NORMAL) LoggerHook                         
 -------------------- 
after_test_epoch:
(VERY_HIGH   ) RuntimeInfoHook                    
(NORMAL      ) IterTimerHook                      
(BELOW_NORMAL) LoggerHook                         
 -------------------- 
after_test:
(VERY_HIGH   ) RuntimeInfoHook                    
 -------------------- 
after_run:
(BELOW_NORMAL) LoggerHook                         
 -------------------- 
2025/03/18 10:35:45 - mmengine - WARNING - The prefix is not set in metric class IoUMetric.
2025/03/18 10:35:46 - mmengine - INFO - Load checkpoint from G:\experiments\mmsegmentation\work_dirs\mask2former_swin-t_8xb2-160k_ade20k-512x512fast_all_data\best_mIoU_iter_3500.pth
2025/03/18 10:36:20 - mmengine - INFO - Iter(test) [ 50/767]    eta: 0:08:08  time: 0.1677  data_time: 0.0021  memory: 12617  
2025/03/18 10:36:29 - mmengine - INFO - Iter(test) [100/767]    eta: 0:04:43  time: 0.1703  data_time: 0.0032  memory: 1354  
2025/03/18 10:36:37 - mmengine - INFO - Iter(test) [150/767]    eta: 0:03:29  time: 0.1684  data_time: 0.0025  memory: 1354  
2025/03/18 10:36:46 - mmengine - INFO - Iter(test) [200/767]    eta: 0:02:48  time: 0.1686  data_time: 0.0014  memory: 1354  
2025/03/18 10:36:54 - mmengine - INFO - Iter(test) [250/767]    eta: 0:02:21  time: 0.1779  data_time: 0.0029  memory: 1354  
2025/03/18 10:37:03 - mmengine - INFO - Iter(test) [300/767]    eta: 0:01:59  time: 0.1716  data_time: 0.0018  memory: 1354  
2025/03/18 10:37:12 - mmengine - INFO - Iter(test) [350/767]    eta: 0:01:41  time: 0.1696  data_time: 0.0020  memory: 1354  
2025/03/18 10:37:20 - mmengine - INFO - Iter(test) [400/767]    eta: 0:01:26  time: 0.1715  data_time: 0.0020  memory: 1354  
2025/03/18 10:37:29 - mmengine - INFO - Iter(test) [450/767]    eta: 0:01:12  time: 0.1719  data_time: 0.0038  memory: 1354  
2025/03/18 10:37:37 - mmengine - INFO - Iter(test) [500/767]    eta: 0:00:59  time: 0.1754  data_time: 0.0009  memory: 1354  
2025/03/18 10:37:46 - mmengine - INFO - Iter(test) [550/767]    eta: 0:00:47  time: 0.1725  data_time: 0.0025  memory: 1354  
2025/03/18 10:37:55 - mmengine - INFO - Iter(test) [600/767]    eta: 0:00:35  time: 0.1714  data_time: 0.0010  memory: 1354  
2025/03/18 10:38:03 - mmengine - INFO - Iter(test) [650/767]    eta: 0:00:24  time: 0.1726  data_time: 0.0026  memory: 1354  
2025/03/18 10:38:12 - mmengine - INFO - Iter(test) [700/767]    eta: 0:00:13  time: 0.1727  data_time: 0.0011  memory: 1354  
2025/03/18 10:38:21 - mmengine - INFO - Iter(test) [750/767]    eta: 0:00:03  time: 0.1789  data_time: 0.0037  memory: 1354  
2025/03/18 10:38:24 - mmengine - INFO - per class results:
2025/03/18 10:38:24 - mmengine - INFO - 
+------------+-------+-------+--------+-----------+--------+
|   Class    |  IoU  |  Acc  | Fscore | Precision | Recall |
+------------+-------+-------+--------+-----------+--------+
| background | 98.17 | 99.25 | 99.08  |   98.91   | 99.25  |
|    ghaf    | 60.47 | 72.11 | 75.37  |   78.93   | 72.11  |
+------------+-------+-------+--------+-----------+--------+
2025/03/18 10:38:24 - mmengine - INFO - Iter(test) [767/767]    aAcc: 98.2200  mIoU: 79.3200  mAcc: 85.6800  mFscore: 87.2200  mPrecision: 88.9200  mRecall: 85.6800  data_time: 0.0208  time: 0.2055
